Archive member included to satisfy reference by file (symbol)

C:/devkitPro/libctru/lib\libctru.a(console.o)
                              main.o (consoleInit)
C:/devkitPro/libctru/lib\libctru.a(gfx.o)
                              C:/devkitPro/libctru/lib\libctru.a(console.o) (gfxIsWide)
C:/devkitPro/libctru/lib\libctru.a(apt.o)
                              main.o (aptMainLoop)
C:/devkitPro/libctru/lib\libctru.a(gspgpu.o)
                              C:/devkitPro/libctru/lib\libctru.a(gfx.o) (gspInit)
C:/devkitPro/libctru/lib\libctru.a(hid.o)
                              main.o (hidScanInput)
C:/devkitPro/libctru/lib\libctru.a(irrst.o)
                              C:/devkitPro/libctru/lib\libctru.a(hid.o) (irrstInit)
C:/devkitPro/libctru/lib\libctru.a(ctru_init.o)
                              C:/devkitPro/libctru/lib\libctru.a(apt.o) (__system_retAddr)
C:/devkitPro/libctru/lib\libctru.a(initArgv.o)
                              C:/devkitPro/libctru/lib\libctru.a(ctru_init.o) (__system_initArgv)
C:/devkitPro/libctru/lib\libctru.a(syscalls.o)
                              C:/devkitPro/libctru/lib\libctru.a(ctru_init.o) (__system_initSyscalls)
C:/devkitPro/libctru/lib\libctru.a(svc.o)
                              C:/devkitPro/libctru/lib\libctru.a(apt.o) (svcSleepThread)
C:/devkitPro/libctru/lib\libctru.a(stack_adjust.o)
                              C:/devkitPro/devkitARM/bin/../lib/gcc/arm-none-eabi/15.1.0/../../../../arm-none-eabi/lib/armv6k/fpu/3dsx_crt0.o (initSystem)
C:/devkitPro/libctru/lib\libctru.a(default_font.bin.o)
                              C:/devkitPro/libctru/lib\libctru.a(console.o) (default_font_bin)
C:/devkitPro/libctru/lib\libctru.a(linear.o)
                              C:/devkitPro/libctru/lib\libctru.a(gfx.o) (linearAlloc)
C:/devkitPro/libctru/lib\libctru.a(mem_pool.o)
                              C:/devkitPro/libctru/lib\libctru.a(linear.o) (MemPool::Allocate(MemChunk&, unsigned long, int))
C:/devkitPro/libctru/lib\libctru.a(vram.o)
                              C:/devkitPro/libctru/lib\libctru.a(gfx.o) (vramAlloc)
C:/devkitPro/libctru/lib\libctru.a(3dslink.o)
                              C:/devkitPro/libctru/lib\libctru.a(initArgv.o) (__3dslink_host)
C:/devkitPro/libctru/lib\libctru.a(env.o)
                              C:/devkitPro/libctru/lib\libctru.a(irrst.o) (envGetHandle)
C:/devkitPro/libctru/lib\libctru.a(os.o)
                              C:/devkitPro/libctru/lib\libctru.a(syscalls.o) (osGetTime)
C:/devkitPro/libctru/lib\libctru.a(srv.o)
                              C:/devkitPro/libctru/lib\libctru.a(apt.o) (srvInit)
C:/devkitPro/libctru/lib\libctru.a(synchronization.o)
                              C:/devkitPro/libctru/lib\libctru.a(ctru_init.o) (__sync_init)
C:/devkitPro/libctru/lib\libctru.a(thread.o)
                              C:/devkitPro/libctru/lib\libctru.a(apt.o) (threadCreate)
C:/devkitPro/libctru/lib\libctru.a(mappable.o)
                              C:/devkitPro/libctru/lib\libctru.a(apt.o) (mappableAlloc)
C:/devkitPro/libctru/lib\libctru.a(ptmsysm.o)
                              C:/devkitPro/libctru/lib\libctru.a(os.o) (ptmSysmInit)
C:/devkitPro/libctru/lib\libctru.a(srvpm.o)
                              C:/devkitPro/libctru/lib\libctru.a(srv.o) (srvPmGetSessionHandle)
C:/devkitPro/libctru/lib\libctru.a(soc_connect.o)
                              C:/devkitPro/libctru/lib\libctru.a(3dslink.o) (connect)
C:/devkitPro/libctru/lib\libctru.a(soc_socket.o)
                              C:/devkitPro/libctru/lib\libctru.a(3dslink.o) (socket)
C:/devkitPro/libctru/lib\libctru.a(rbtree_find.o)
                              C:/devkitPro/libctru/lib\libctru.a(linear.o) (rbtree_find)
C:/devkitPro/libctru/lib\libctru.a(rbtree_init.o)
                              C:/devkitPro/libctru/lib\libctru.a(linear.o) (rbtree_init)
C:/devkitPro/libctru/lib\libctru.a(rbtree_insert.o)
                              C:/devkitPro/libctru/lib\libctru.a(linear.o) (rbtree_insert)
C:/devkitPro/libctru/lib\libctru.a(rbtree_remove.o)
                              C:/devkitPro/libctru/lib\libctru.a(linear.o) (rbtree_remove)
C:/devkitPro/libctru/lib\libctru.a(rbtree_rotate.o)
                              C:/devkitPro/libctru/lib\libctru.a(rbtree_insert.o) (rbtree_rotate)
C:/devkitPro/libctru/lib\libctru.a(allocateHeaps.o)
                              C:/devkitPro/libctru/lib\libctru.a(ctru_init.o) (__system_allocateHeaps)
C:/devkitPro/libctru/lib\libctru.a(appExit.o)
                              C:/devkitPro/libctru/lib\libctru.a(stack_adjust.o) (__appExit)
C:/devkitPro/libctru/lib\libctru.a(appInit.o)
                              C:/devkitPro/libctru/lib\libctru.a(stack_adjust.o) (__appInit)
C:/devkitPro/libctru/lib\libctru.a(ctru_exit.o)
                              C:/devkitPro/libctru/lib\libctru.a(stack_adjust.o) (__libctru_exit)
C:/devkitPro/libctru/lib\libctru.a(archive_dev.o)
[...]
Memory Configuration

Name             Origin             Length             Attributes
*default*        0x00000000         0xffffffff

Linker script and memory map

                0x00000000                        __sync_synchronize = __sync_synchronize_dmb
                0x00100000                        PROVIDE (__start__ = 0x100000)
                0x00100000                        . = __start__

.text           0x00100000    0x2156c
 *(.crt0)
 .crt0          0x00100000       0x94 C:/devkitPro/devkitARM/bin/../lib/gcc/arm-none-eabi/15.1.0/../../../../arm-none-eabi/lib/armv6k/fpu/3dsx_crt0.o
                0x00100000                _start
                0x00100008                __service_ptr
                0x0010000c                __apt_appid
                0x00100010                __heap_size
                0x00100014                __linear_heap_size
                0x00100018                __system_arglist
                0x0010001c                __system_runflags
 *(.init)
 .init          0x00100094        0xc C:/devkitPro/devkitARM/bin/../lib/gcc/arm-none-eabi/15.1.0/armv6k/fpu/crti.o
                0x00100094                _init
 .init          0x001000a0        0xc C:/devkitPro/devkitARM/bin/../lib/gcc/arm-none-eabi/15.1.0/armv6k/fpu/crtn.o
                0x001000ac                        . = ALIGN (0x4)
 *(.text)
 .text          0x001000ac      0x240 C:/devkitPro/devkitARM/bin/../lib/gcc/arm-none-eabi/15.1.0/armv6k/fpu\libgcc.a(_divsi3.o)
                0x001000ac                __divsi3
                0x001000ac                __aeabi_idiv
                0x001002cc                __aeabi_idivmod
 .text          0x001002ec        0x4 C:/devkitPro/devkitARM/bin/../lib/gcc/arm-none-eabi/15.1.0/armv6k/fpu\libgcc.a(_dvmd_tls.o)
                0x001002ec                __aeabi_idiv0
                0x001002ec                __aeabi_ldiv0
 .text          0x001002f0       0x3c C:/devkitPro/devkitARM/bin/../lib/gcc/arm-none-eabi/15.1.0/armv6k/fpu\libgcc.a(_aeabi_uldivmod.o)
                0x001002f0                __aeabi_uldivmod
 *fill*         0x0010032c       0x14 
 .text          0x00100340      0x390 C:/devkitPro/devkitARM/bin/../lib/gcc/arm-none-eabi/15.1.0/../../../../arm-none-eabi/lib/armv6k/fpu\libg.a(libc_a-strcmp.o)
                0x00100348                strcmp
 .text          0x001006d0      0x20c C:/devkitPro/devkitARM/bin/../lib/gcc/arm-none-eabi/15.1.0/armv6k/fpu\libgcc.a(_udivsi3.o)
                0x001006d0                __aeabi_uidiv
                0x001006d0                __udivsi3
                0x001008bc                __aeabi_uidivmod
 *(.text.*)
 .text.__do_global_dtors_aux
                0x001008dc       0x50 C:/devkitPro/devkitARM/bin/../lib/gcc/arm-none-eabi/15.1.0/armv6k/fpu/crtbegin.o
 .text.frame_dummy
                0x0010092c       0x2c C:/devkitPro/devkitARM/bin/../lib/gcc/arm-none-eabi/15.1.0/armv6k/fpu/crtbegin.o
 .text.draw_menu.constprop.0
                0x00100958       0xec main.o
 .text.startup.main
                0x00100a44      0x1c8 main.o
                0x00100a44                main
 .text.cmp_str_256
                0x00100c0c        0x4 sd_browser.o
 .text.sd_list_swfs
                0x00100c10      0x124 sd_browser.o
                0x00100c10                sd_list_swfs
 .text.swf_show_header
                0x00100d34      0x2b8 swf_info.o
                0x00100d34                swf_show_header
 .text.br_read_sbits
                0x00100fec       0x80 swf_parse.o
 .text.swf_read_header
                0x0010106c      0x2f4 swf_parse.o
                0x0010106c                swf_read_header
 .text.swf_load_uncompressed
                0x00101360      0x2c4 swf_tags.o
 .text.scan_stream.isra.0
                0x00101624      0x320 swf_tags.o
 .text.swf_scan_tags
                0x00101944      0x150 swf_tags.o
                0x00101944                swf_scan_tags
 .text.consoleDrawChar
                0x00101a94      0x1c8 C:/devkitPro/libctru/lib\libctru.a(console.o)
                0x00101a94                consoleDrawChar
 .text.consolePrintChar
                0x00101c5c      0x170 C:/devkitPro/libctru/lib\libctru.a(console.o)
                0x00101c5c                consolePrintChar
 .text.con_write
                0x00101dcc      0xc40 C:/devkitPro/libctru/lib\libctru.a(console.o)
                0x00101dcc                con_write
 .text.newRow   0x00102a0c      0x110 C:/devkitPro/libctru/lib\libctru.a(console.o)
 .text.consoleInit
                0x00102b1c      0x180 C:/devkitPro/libctru/lib\libctru.a(console.o)
                0x00102b1c                consoleInit
 .text.consoleClear
                0x00102c9c       0xb8 C:/devkitPro/libctru/lib\libctru.a(console.o)
                0x00102c9c                consoleClear
 .text.gfxPresentFramebuffer
                0x00102d54       0xcc C:/devkitPro/libctru/lib\libctru.a(gfx.o)
 .text.gfxIsWide
                0x00102e20       0x1c C:/devkitPro/libctru/lib\libctru.a(gfx.o)
                0x00102e20                gfxIsWide
 .text.gfxSetScreenFormat
                0x00102e3c       0xf8 C:/devkitPro/libctru/lib\libctru.a(gfx.o)
                0x00102e3c                gfxSetScreenFormat
 .text.gfxSetDoubleBuffering
                0x00102f34       0x10 C:/devkitPro/libctru/lib\libctru.a(gfx.o)
                0x00102f34                gfxSetDoubleBuffering
 .text.gfxInit  0x00102f44       0xd8 C:/devkitPro/libctru/lib\libctru.a(gfx.o)
                0x00102f44                gfxInit
 .text.gfxInitDefault
                0x0010301c       0x10 C:/devkitPro/libctru/lib\libctru.a(gfx.o)
                0x0010301c                gfxInitDefault
 .text.gfxExit  0x0010302c       0xb8 C:/devkitPro/libctru/lib\libctru.a(gfx.o)
                0x0010302c                gfxExit
 .text.gfxGetFramebuffer
                0x001030e4       0xa0 C:/devkitPro/libctru/lib\libctru.a(gfx.o)
                0x001030e4                gfxGetFramebuffer
 .text.gfxFlushBuffers
                0x00103184      0x100 C:/devkitPro/libctru/lib\libctru.a(gfx.o)
                0x00103184                gfxFlushBuffers
 .text.gfxSwapBuffers
                0x00103284       0x50 C:/devkitPro/libctru/lib\libctru.a(gfx.o)
                0x00103284                gfxSwapBuffers
 .text.gfxSwapBuffersGpu
                0x001032d4       0x50 C:/devkitPro/libctru/lib\libctru.a(gfx.o)
                0x001032d4                gfxSwapBuffersGpu
 .text.aptConvertScreenForCapture
                0x00103324      0x180 C:/devkitPro/libctru/lib\libctru.a(apt.o)
 .text.aptDspSleep
                0x001034a4        0x8 C:/devkitPro/libctru/lib\libctru.a(apt.o)
                0x001034a4                aptDspSleep
 .text.aptDspWakeup
                0x001034ac        0x4 C:/devkitPro/libctru/lib\libctru.a(apt.o)
                0x001034ac                aptDspWakeup
 .text.aptDspCancel
                0x001034b0        0x4 C:/devkitPro/libctru/lib\libctru.a(apt.o)
                0x001034b0                aptDspCancel
 .text.aptSendCommand
                0x001034b4      0x138 C:/devkitPro/libctru/lib\libctru.a(apt.o)
                0x001034b4                aptSendCommand
 *fill*         0x001035ec        0x4 
 .text.aptExitProcess
                0x001035f0       0x44 C:/devkitPro/libctru/lib\libctru.a(apt.o)
 .text.aptExit  0x00103634      0x394 C:/devkitPro/libctru/lib\libctru.a(apt.o)
                0x00103634                aptExit
 .text.aptHandleSleep
                0x001039c8       0xd8 C:/devkitPro/libctru/lib\libctru.a(apt.o)
                0x001039c8                aptHandleSleep
 .text.APT_SleepIfShellClosed
                0x00103aa0       0x84 C:/devkitPro/libctru/lib\libctru.a(apt.o)
                0x00103aa0                APT_SleepIfShellClosed
 .text.aptSetSleepAllowed
                0x00103b24       0x78 C:/devkitPro/libctru/lib\libctru.a(apt.o)
                0x00103b24                aptSetSleepAllowed
 .text.APT_UnlockTransition
                0x00103b9c       0x84 C:/devkitPro/libctru/lib\libctru.a(apt.o)
                0x00103b9c                APT_UnlockTransition
 .text.aptEventHandler
                0x00103c20      0x470 C:/devkitPro/libctru/lib\libctru.a(apt.o)
 .text.APT_ReceiveParameter
                0x00104090       0xbc C:/devkitPro/libctru/lib\libctru.a(apt.o)
                0x00104090                APT_ReceiveParameter
 .text.aptReceiveParameter.constprop.0
                0x0010414c       0xb0 C:/devkitPro/libctru/lib\libctru.a(apt.o)
 *fill*         0x001041fc        0x4 
 .text.aptScreenTransfer
                0x00104200      0x294 C:/devkitPro/libctru/lib\libctru.a(apt.o)
 .text.aptWaitForWakeUp.isra.0
                0x00104494      0x2d0 C:/devkitPro/libctru/lib\libctru.a(apt.o)
 .text.aptJumpToHomeMenu
                0x00104764       0xf4 C:/devkitPro/libctru/lib\libctru.a(apt.o)
                0x00104764                aptJumpToHomeMenu
 .text.aptMainLoop
                0x00104858       0x58 C:/devkitPro/libctru/lib\libctru.a(apt.o)
                0x00104858                aptMainLoop
 .text.aptInit  0x001048b0      0x240 C:/devkitPro/libctru/lib\libctru.a(apt.o)
                0x001048b0                aptInit
 .text.APT_CheckNew3DS
                0x00104af0       0x90 C:/devkitPro/libctru/lib\libctru.a(apt.o)
                0x00104af0                APT_CheckNew3DS
 .text.gspHardwareInit
                0x00104b80      0xc70 C:/devkitPro/libctru/lib\libctru.a(gspgpu.o)
 .text.gspInit  0x001057f0      0x280 C:/devkitPro/libctru/lib\libctru.a(gspgpu.o)
                0x001057f0                gspInit
 .text.gspExit  0x00105a70      0x110 C:/devkitPro/libctru/lib\libctru.a(gspgpu.o)
                0x00105a70                gspExit
 .text.gspHasGpuRight
                0x00105b80       0x10 C:/devkitPro/libctru/lib\libctru.a(gspgpu.o)
                0x00105b80                gspHasGpuRight
 .text.gspPresentBuffer
                0x00105b90       0xa4 C:/devkitPro/libctru/lib\libctru.a(gspgpu.o)
                0x00105b90                gspPresentBuffer
 .text.gspWaitForEvent
                0x00105c34       0x50 C:/devkitPro/libctru/lib\libctru.a(gspgpu.o)
                0x00105c34                gspWaitForEvent
 .text.gxCmdQueueInterrupt
                0x00105c84        0x4 C:/devkitPro/libctru/lib\libctru.a(gspgpu.o)
                0x00105c84                gxCmdQueueInterrupt
 .text.gspEventThreadMain
                0x00105c88      0x154 C:/devkitPro/libctru/lib\libctru.a(gspgpu.o)
 .text.GSPGPU_FlushDataCache
                0x00105ddc       0x50 C:/devkitPro/libctru/lib\libctru.a(gspgpu.o)
                0x00105ddc                GSPGPU_FlushDataCache
 .text.GSPGPU_SetLcdForceBlack
                0x00105e2c       0x34 C:/devkitPro/libctru/lib\libctru.a(gspgpu.o)
                0x00105e2c                GSPGPU_SetLcdForceBlack
 .text.GSPGPU_AcquireRight
                0x00105e60       0x80 C:/devkitPro/libctru/lib\libctru.a(gspgpu.o)
                0x00105e60                GSPGPU_AcquireRight
 .text.GSPGPU_ReleaseRight
                0x00105ee0       0x5c C:/devkitPro/libctru/lib\libctru.a(gspgpu.o)
                0x00105ee0                GSPGPU_ReleaseRight
 .text.GSPGPU_ImportDisplayCaptureInfo
                0x00105f3c       0x7c C:/devkitPro/libctru/lib\libctru.a(gspgpu.o)
                0x00105f3c                GSPGPU_ImportDisplayCaptureInfo
 .text.GSPGPU_SaveVramSysArea
                0x00105fb8       0x2c C:/devkitPro/libctru/lib\libctru.a(gspgpu.o)
                0x00105fb8                GSPGPU_SaveVramSysArea
 .text.GSPGPU_RestoreVramSysArea
                0x00105fe4       0x2c C:/devkitPro/libctru/lib\libctru.a(gspgpu.o)
                0x00105fe4                GSPGPU_RestoreVramSysArea
 .text.hidShouldUseIrrst
                0x00106010       0x24 C:/devkitPro/libctru/lib\libctru.a(hid.o)
                0x00106010                hidShouldUseIrrst
 .text.hidInit  0x00106034      0x1cc C:/devkitPro/libctru/lib\libctru.a(hid.o)
                0x00106034                hidInit
 .text.hidExit  0x00106200       0xe8 C:/devkitPro/libctru/lib\libctru.a(hid.o)
                0x00106200                hidExit
 .text.hidScanInput
                0x001062e8      0x2a0 C:/devkitPro/libctru/lib\libctru.a(hid.o)
                0x001062e8                hidScanInput
 .text.hidKeysDown
                0x00106588       0x10 C:/devkitPro/libctru/lib\libctru.a(hid.o)
                0x00106588                hidKeysDown
 .text.irrstInit
                0x00106598      0x1a4 C:/devkitPro/libctru/lib\libctru.a(irrst.o)
                0x00106598                irrstInit
 .text.irrstExit
                0x0010673c       0xdc C:/devkitPro/libctru/lib\libctru.a(irrst.o)
                0x0010673c                irrstExit
 .text.irrstScanInput
                0x00106818       0xb4 C:/devkitPro/libctru/lib\libctru.a(irrst.o)
                0x00106818                irrstScanInput
 .text.irrstKeysHeld
                0x001068cc       0x24 C:/devkitPro/libctru/lib\libctru.a(irrst.o)
                0x001068cc                irrstKeysHeld
 .text.__libctru_init
                0x001068f0       0x38 C:/devkitPro/libctru/lib\libctru.a(ctru_init.o)
                0x001068f0                __libctru_init
 .text.__system_initArgv
                0x00106928      0x16c C:/devkitPro/libctru/lib\libctru.a(initArgv.o)
                0x00106928                __system_initArgv
 .text.__syscall_getreent
                0x00106a94       0x30 C:/devkitPro/libctru/lib\libctru.a(syscalls.o)
                0x00106a94                __syscall_getreent
 .text.__syscall_lock_acquire
                0x00106ac4        0x4 C:/devkitPro/libctru/lib\libctru.a(syscalls.o)
                0x00106ac4                __syscall_lock_acquire
 .text.__syscall_lock_release
                0x00106ac8        0x4 C:/devkitPro/libctru/lib\libctru.a(syscalls.o)
                0x00106ac8                __syscall_lock_release
 .text.__syscall_lock_acquire_recursive
                0x00106acc        0x4 C:/devkitPro/libctru/lib\libctru.a(syscalls.o)
                0x00106acc                __syscall_lock_acquire_recursive
 .text.__syscall_lock_release_recursive
                0x00106ad0        0x4 C:/devkitPro/libctru/lib\libctru.a(syscalls.o)
                0x00106ad0                __syscall_lock_release_recursive
 .text.__syscall_exit
                0x00106ad4        0x4 C:/devkitPro/libctru/lib\libctru.a(syscalls.o)
                0x00106ad4                __syscall_exit
 .text.initThreadVars
                0x00106ad8       0x54 C:/devkitPro/libctru/lib\libctru.a(syscalls.o)
                0x00106ad8                initThreadVars
 .text.__system_initSyscalls
                0x00106b2c       0x80 C:/devkitPro/libctru/lib\libctru.a(syscalls.o)
                0x00106b2c                __system_initSyscalls
 .text.svcControlMemory
                0x00106bac       0x20 C:/devkitPro/libctru/lib\libctru.a(svc.o)
                0x00106bac                svcControlMemory
 .text.svcQueryMemory
                0x00106bcc       0x30 C:/devkitPro/libctru/lib\libctru.a(svc.o)
                0x00106bcc                svcQueryMemory
 .text.svcExitProcess
                0x00106bfc        0x8 C:/devkitPro/libctru/lib\libctru.a(svc.o)
                0x00106bfc                svcExitProcess
 .text.svcCreateThread
                0x00106c04       0x20 C:/devkitPro/libctru/lib\libctru.a(svc.o)
                0x00106c04                svcCreateThread
 .text.svcExitThread
                0x00106c24        0x8 C:/devkitPro/libctru/lib\libctru.a(svc.o)
                0x00106c24                svcExitThread
 .text.svcSleepThread
                0x00106c2c        0x8 C:/devkitPro/libctru/lib\libctru.a(svc.o)
                0x00106c2c                svcSleepThread
 .text.svcReleaseMutex
                0x00106c34        0x8 C:/devkitPro/libctru/lib\libctru.a(svc.o)
                0x00106c34                svcReleaseMutex
 .text.svcCreateEvent
                0x00106c3c       0x14 C:/devkitPro/libctru/lib\libctru.a(svc.o)
                0x00106c3c                svcCreateEvent
 .text.svcSignalEvent
                0x00106c50        0x8 C:/devkitPro/libctru/lib\libctru.a(svc.o)
                0x00106c50                svcSignalEvent
 .text.svcClearEvent
                0x00106c58        0x8 C:/devkitPro/libctru/lib\libctru.a(svc.o)
                0x00106c58                svcClearEvent
 .text.svcMapMemoryBlock
                0x00106c60        0x8 C:/devkitPro/libctru/lib\libctru.a(svc.o)
                0x00106c60                svcMapMemoryBlock
 .text.svcUnmapMemoryBlock
                0x00106c68        0x8 C:/devkitPro/libctru/lib\libctru.a(svc.o)
                0x00106c68                svcUnmapMemoryBlock
 .text.svcCreateAddressArbiter
                0x00106c70       0x14 C:/devkitPro/libctru/lib\libctru.a(svc.o)
                0x00106c70                svcCreateAddressArbiter
 .text.svcArbitrateAddressNoTimeout
                0x00106c84        0x8 C:/devkitPro/libctru/lib\libctru.a(svc.o)
                0x00106c84                svcArbitrateAddressNoTimeout
 .text.svcCloseHandle
                0x00106c8c        0x8 C:/devkitPro/libctru/lib\libctru.a(svc.o)
                0x00106c8c                svcCloseHandle
 .text.svcWaitSynchronization
                0x00106c94        0x8 C:/devkitPro/libctru/lib\libctru.a(svc.o)
                0x00106c94                svcWaitSynchronization
 .text.svcWaitSynchronizationN
                0x00106c9c       0x28 C:/devkitPro/libctru/lib\libctru.a(svc.o)
                0x00106c9c                svcWaitSynchronizationN
 .text.svcDuplicateHandle
                0x00106cc4       0x14 C:/devkitPro/libctru/lib\libctru.a(svc.o)
                0x00106cc4                svcDuplicateHandle
 .text.svcConnectToPort
                0x00106cd8       0x14 C:/devkitPro/libctru/lib\libctru.a(svc.o)
                0x00106cd8                svcConnectToPort
 .text.svcSendSyncRequest
                0x00106cec        0x8 C:/devkitPro/libctru/lib\libctru.a(svc.o)
                0x00106cec                svcSendSyncRequest
 .text.svcGetResourceLimit
                0x00106cf4       0x14 C:/devkitPro/libctru/lib\libctru.a(svc.o)
                0x00106cf4                svcGetResourceLimit
 .text.svcGetResourceLimitLimitValues
                0x00106d08        0x8 C:/devkitPro/libctru/lib\libctru.a(svc.o)
                0x00106d08                svcGetResourceLimitLimitValues
 .text.svcGetResourceLimitCurrentValues
                0x00106d10        0x8 C:/devkitPro/libctru/lib\libctru.a(svc.o)
                0x00106d10                svcGetResourceLimitCurrentValues
 .text.svcBreak
                0x00106d18        0x8 C:/devkitPro/libctru/lib\libctru.a(svc.o)
                0x00106d18                svcBreak
 .text.initSystem
                0x00106d20       0x50 C:/devkitPro/libctru/lib\libctru.a(stack_adjust.o)
                0x00106d20                initSystem
 .text.__ctru_exit
                0x00106d70       0x14 C:/devkitPro/libctru/lib\libctru.a(stack_adjust.o)
                0x00106d70                __ctru_exit
 .text._ZL21addrMapNodeComparatorPK11rbtree_nodeS1_
                0x00106d84       0x24 C:/devkitPro/libctru/lib\libctru.a(linear.o)
 .text._ZL21addrMapNodeDestructorP11rbtree_node
                0x00106da8        0x4 C:/devkitPro/libctru/lib\libctru.a(linear.o)
 .text.linearMemAlign
                0x00106dac      0x12c C:/devkitPro/libctru/lib\libctru.a(linear.o)
                0x00106dac                linearMemAlign
 .text.linearAlloc
                0x00106ed8        0x8 C:/devkitPro/libctru/lib\libctru.a(linear.o)
                0x00106ed8                linearAlloc
 .text.linearFree
                0x00106ee0       0x5c C:/devkitPro/libctru/lib\libctru.a(linear.o)
                0x00106ee0                linearFree
 .text._ZN7MemPool13CoalesceRightEP8MemBlock
                0x00106f3c       0x88 C:/devkitPro/libctru/lib\libctru.a(mem_pool.o)
                0x00106f3c                MemPool::CoalesceRight(MemBlock*)
 .text._ZN7MemPool8AllocateER8MemChunkmi
                0x00106fc4      0x178 C:/devkitPro/libctru/lib\libctru.a(mem_pool.o)
                0x00106fc4                MemPool::Allocate(MemChunk&, unsigned long, int)
 .text._ZN7MemPool10DeallocateERK8MemChunk
                0x0010713c      0x118 C:/devkitPro/libctru/lib\libctru.a(mem_pool.o)
                0x0010713c                MemPool::Deallocate(MemChunk const&)
 .text._ZN7MemPool12GetFreeSpaceEv
                0x00107254       0x30 C:/devkitPro/libctru/lib\libctru.a(mem_pool.o)
                0x00107254                MemPool::GetFreeSpace()
 .text._ZL21addrMapNodeComparatorPK11rbtree_nodeS1_
                0x00107284       0x24 C:/devkitPro/libctru/lib\libctru.a(vram.o)
 .text._ZL21addrMapNodeDestructorP11rbtree_node
                0x001072a8        0x4 C:/devkitPro/libctru/lib\libctru.a(vram.o)
 .text.vramMemAlignAt
                0x001072ac      0x248 C:/devkitPro/libctru/lib\libctru.a(vram.o)
                0x001072ac                vramMemAlignAt
 .text.vramAlloc
                0x001074f4        0xc C:/devkitPro/libctru/lib\libctru.a(vram.o)
                0x001074f4                vramAlloc
 .text.vramFree
                0x00107500       0x94 C:/devkitPro/libctru/lib\libctru.a(vram.o)
                0x00107500                vramFree
 .text.envGetHandle
                0x00107594       0x8c C:/devkitPro/libctru/lib\libctru.a(env.o)
                0x00107594                envGetHandle
 .text.envDestroyHandles
                0x00107620       0x50 C:/devkitPro/libctru/lib\libctru.a(env.o)
                0x00107620                envDestroyHandles
 .text.__ctru_speedup_config
                0x00107670       0x34 C:/devkitPro/libctru/lib\libctru.a(os.o)
                0x00107670                __ctru_speedup_config
 .text.srvInit  0x001076a4      0x164 C:/devkitPro/libctru/lib\libctru.a(srv.o)
                0x001076a4                srvInit
 .text.srvExit  0x00107808       0x64 C:/devkitPro/libctru/lib\libctru.a(srv.o)
                0x00107808                srvExit
 .text.srvEnableNotification
                0x0010786c       0x60 C:/devkitPro/libctru/lib\libctru.a(srv.o)
                0x0010786c                srvEnableNotification
 .text.srvGetServiceHandleDirect
                0x001078cc       0xa0 C:/devkitPro/libctru/lib\libctru.a(srv.o)
                0x001078cc                srvGetServiceHandleDirect
 .text.srvGetServiceHandle
                0x0010796c       0x48 C:/devkitPro/libctru/lib\libctru.a(srv.o)
                0x0010796c                srvGetServiceHandle
 .text.srvSubscribe
                0x001079b4       0x34 C:/devkitPro/libctru/lib\libctru.a(srv.o)
                0x001079b4                srvSubscribe
 .text.srvReceiveNotification
                0x001079e8       0x60 C:/devkitPro/libctru/lib\libctru.a(srv.o)
                0x001079e8                srvReceiveNotification
 .text.srvPublishToSubscriber
                0x00107a48       0x38 C:/devkitPro/libctru/lib\libctru.a(srv.o)
                0x00107a48                srvPublishToSubscriber
 .text.__sync_init
                0x00107a80        0xc C:/devkitPro/libctru/lib\libctru.a(synchronization.o)
                0x00107a80                __sync_init
 .text.__sync_fini
                0x00107a8c       0x18 C:/devkitPro/libctru/lib\libctru.a(synchronization.o)
                0x00107a8c                __sync_fini
 .text.syncArbitrateAddress
                0x00107aa4       0x28 C:/devkitPro/libctru/lib\libctru.a(synchronization.o)
                0x00107aa4                syncArbitrateAddress
 .text.LightLock_Lock
                0x00107acc       0xac C:/devkitPro/libctru/lib\libctru.a(synchronization.o)
                0x00107acc                LightLock_Lock
 .text.LightLock_Unlock
                0x00107b78       0x40 C:/devkitPro/libctru/lib\libctru.a(synchronization.o)
                0x00107b78                LightLock_Unlock
 .text.RecursiveLock_Lock
                0x00107bb8       0x54 C:/devkitPro/libctru/lib\libctru.a(synchronization.o)
                0x00107bb8                RecursiveLock_Lock
 .text.RecursiveLock_Unlock
                0x00107c0c       0x54 C:/devkitPro/libctru/lib\libctru.a(synchronization.o)
                0x00107c0c                RecursiveLock_Unlock
 .text.LightEvent_Init
                0x00107c60       0x44 C:/devkitPro/libctru/lib\libctru.a(synchronization.o)
                0x00107c60                LightEvent_Init
 .text.LightEvent_Clear
                0x00107ca4       0xb8 C:/devkitPro/libctru/lib\libctru.a(synchronization.o)
                0x00107ca4                LightEvent_Clear
 .text.LightEvent_Signal
                0x00107d5c       0xdc C:/devkitPro/libctru/lib\libctru.a(synchronization.o)
                0x00107d5c                LightEvent_Signal
 .text.LightEvent_TryWait
                0x00107e38       0x50 C:/devkitPro/libctru/lib\libctru.a(synchronization.o)
                0x00107e38                LightEvent_TryWait
 .text.LightEvent_Wait
                0x00107e88       0xac C:/devkitPro/libctru/lib\libctru.a(synchronization.o)
                0x00107e88                LightEvent_Wait
 .text.threadCreate
                0x00107f34      0x1fc C:/devkitPro/libctru/lib\libctru.a(thread.o)
                0x00107f34                threadCreate
 .text.threadFree
                0x00108130       0x38 C:/devkitPro/libctru/lib\libctru.a(thread.o)
                0x00108130                threadFree
 .text.threadJoin
                0x00108168       0x24 C:/devkitPro/libctru/lib\libctru.a(thread.o)
                0x00108168                threadJoin
 .text.threadGetCurrent
                0x0010818c       0x30 C:/devkitPro/libctru/lib\libctru.a(thread.o)
                0x0010818c                threadGetCurrent
 .text.threadExit
                0x001081bc       0x40 C:/devkitPro/libctru/lib\libctru.a(thread.o)
                0x001081bc                threadExit
 .text._thread_begin
                0x001081fc       0x20 C:/devkitPro/libctru/lib\libctru.a(thread.o)
 .text.mappableFindAddressWithin
                0x0010821c       0x90 C:/devkitPro/libctru/lib\libctru.a(mappable.o)
 .text.mappableInit
                0x001082ac       0x28 C:/devkitPro/libctru/lib\libctru.a(mappable.o)
                0x001082ac                mappableInit
 .text.mappableAlloc
                0x001082d4       0x7c C:/devkitPro/libctru/lib\libctru.a(mappable.o)
                0x001082d4                mappableAlloc
 .text.mappableFree
                0x00108350        0x4 C:/devkitPro/libctru/lib\libctru.a(mappable.o)
                0x00108350                mappableFree
 .text.ptmSysmInit
                0x00108354       0x78 C:/devkitPro/libctru/lib\libctru.a(ptmsysm.o)
                0x00108354                ptmSysmInit
 .text.ptmSysmExit
                0x001083cc       0x3c C:/devkitPro/libctru/lib\libctru.a(ptmsysm.o)
                0x001083cc                ptmSysmExit
 .text.PTMSYSM_ConfigureNew3DSCPU
                0x00108408       0x34 C:/devkitPro/libctru/lib\libctru.a(ptmsysm.o)
                0x00108408                PTMSYSM_ConfigureNew3DSCPU
 .text.srvPmGetSessionHandle
                0x0010843c        0xc C:/devkitPro/libctru/lib\libctru.a(srvpm.o)
                0x0010843c                srvPmGetSessionHandle
 .text.rbtree_find
                0x00108448       0x74 C:/devkitPro/libctru/lib\libctru.a(rbtree_find.o)
                0x00108448                rbtree_find
 .text.rbtree_init
                0x001084bc       0x10 C:/devkitPro/libctru/lib\libctru.a(rbtree_init.o)
                0x001084bc                rbtree_init
 .text.do_insert
                0x001084cc      0x198 C:/devkitPro/libctru/lib\libctru.a(rbtree_insert.o)
 .text.rbtree_insert
                0x00108664        0x8 C:/devkitPro/libctru/lib\libctru.a(rbtree_insert.o)
                0x00108664                rbtree_insert
 .text.rbtree_remove
                0x0010866c      0x310 C:/devkitPro/libctru/lib\libctru.a(rbtree_remove.o)
                0x0010866c                rbtree_remove
 .text.rbtree_rotate
                0x0010897c       0x90 C:/devkitPro/libctru/lib\libctru.a(rbtree_rotate.o)
                0x0010897c                rbtree_rotate
 *fill*         0x00108a0c        0x4 
 .text.__system_allocateHeaps
                0x00108a10      0x1e8 C:/devkitPro/libctru/lib\libctru.a(allocateHeaps.o)
                0x00108a10                __system_allocateHeaps
 .text.__appExit
                0x00108bf8       0x30 C:/devkitPro/libctru/lib\libctru.a(appExit.o)
                0x00108bf8                __appExit
 .text.__appInit
                0x00108c28       0x30 C:/devkitPro/libctru/lib\libctru.a(appInit.o)
                0x00108c28                __appInit
 .text.__libctru_exit
                0x00108c58       0x90 C:/devkitPro/libctru/lib\libctru.a(ctru_exit.o)
                0x00108c58                __libctru_exit
 .text.archive_link
                0x00108ce8       0x14 C:/devkitPro/libctru/lib\libctru.a(archive_dev.o)
 .text.archive_dirreset
                0x00108cfc       0x14 C:/devkitPro/libctru/lib\libctru.a(archive_dev.o)
 .text.archive_chmod
                0x00108d10       0x14 C:/devkitPro/libctru/lib\libctru.a(archive_dev.o)
 .text.error_cmp
                0x00108d24       0x24 C:/devkitPro/libctru/lib\libctru.a(archive_dev.o)
 .text.archive_translate_error
                0x00108d48       0x50 C:/devkitPro/libctru/lib\libctru.a(archive_dev.o)
 .text.archive_seek
                0x00108d98       0xc0 C:/devkitPro/libctru/lib\libctru.a(archive_dev.o)
 .text._archiveInit.part.0
                0x00108e58       0x78 C:/devkitPro/libctru/lib\libctru.a(archive_dev.o)
 .text.archiveFindDevice.part.0
                0x00108ed0       0xd4 C:/devkitPro/libctru/lib\libctru.a(archive_dev.o)
 .text.archive_utf16path
                0x00108fa4      0x298 C:/devkitPro/libctru/lib\libctru.a(archive_dev.o)
 .text._archiveUnmountDeviceStruct.part.0
                0x0010923c       0x98 C:/devkitPro/libctru/lib\libctru.a(archive_dev.o)
 .text.archive_statvfs
                0x001092d4       0x14 C:/devkitPro/libctru/lib\libctru.a(archive_dev.o)
 .text.archive_fchmod
                0x001092e8       0x14 C:/devkitPro/libctru/lib\libctru.a(archive_dev.o)
 .text._archiveMountDevice
                0x001092fc      0x178 C:/devkitPro/libctru/lib\libctru.a(archive_dev.o)
 .text.archive_diropen
                0x00109474       0xf8 C:/devkitPro/libctru/lib\libctru.a(archive_dev.o)
 .text.archive_fstat
                0x0010956c       0xac C:/devkitPro/libctru/lib\libctru.a(archive_dev.o)
 .text.archive_fsync
                0x00109618       0x74 C:/devkitPro/libctru/lib\libctru.a(archive_dev.o)
 .text.archive_close
                0x0010968c       0x74 C:/devkitPro/libctru/lib\libctru.a(archive_dev.o)
 .text.archive_dirclose
                0x00109700       0x78 C:/devkitPro/libctru/lib\libctru.a(archive_dev.o)
 .text.sdmc_statvfs
                0x00109778       0xec C:/devkitPro/libctru/lib\libctru.a(archive_dev.o)
 .text.archive_chdir
                0x00109864       0xf8 C:/devkitPro/libctru/lib\libctru.a(archive_dev.o)
 .text.archive_ftruncate
                0x0010995c       0x8c C:/devkitPro/libctru/lib\libctru.a(archive_dev.o)
 .text.archive_read
                0x001099e8       0xbc C:/devkitPro/libctru/lib\libctru.a(archive_dev.o)
 .text.archive_unlink
                0x00109aa4       0xa8 C:/devkitPro/libctru/lib\libctru.a(archive_dev.o)
 .text.archive_rmdir
                0x00109b4c       0xc0 C:/devkitPro/libctru/lib\libctru.a(archive_dev.o)
 .text.archive_mkdir
                0x00109c0c       0xd8 C:/devkitPro/libctru/lib\libctru.a(archive_dev.o)
 .text.archive_stat
                0x00109ce4      0x1a0 C:/devkitPro/libctru/lib\libctru.a(archive_dev.o)
 .text.archive_dirnext
                0x00109e84      0x164 C:/devkitPro/libctru/lib\libctru.a(archive_dev.o)
 .text.archive_write
                0x00109fe8      0x13c C:/devkitPro/libctru/lib\libctru.a(archive_dev.o)
 *fill*         0x0010a124        0x4 
 .text.archive_open
                0x0010a128      0x254 C:/devkitPro/libctru/lib\libctru.a(archive_dev.o)
 .text.archive_rename
                0x0010a37c      0x270 C:/devkitPro/libctru/lib\libctru.a(archive_dev.o)
 .text.archiveMountSdmc
                0x0010a5ec      0x1c8 C:/devkitPro/libctru/lib\libctru.a(archive_dev.o)
                0x0010a5ec                archiveMountSdmc
 .text.archiveUnmountAll
                0x0010a7b4       0x54 C:/devkitPro/libctru/lib\libctru.a(archive_dev.o)
                0x0010a7b4                archiveUnmountAll
 .text.fsInit   0x0010a808      0x104 C:/devkitPro/libctru/lib\libctru.a(fs.o)
                0x0010a808                fsInit
 .text.fsExit   0x0010a90c       0x3c C:/devkitPro/libctru/lib\libctru.a(fs.o)
                0x0010a90c                fsExit
 .text.fsExemptFromSession
                0x0010a948       0x68 C:/devkitPro/libctru/lib\libctru.a(fs.o)
                0x0010a948                fsExemptFromSession
 .text.fsUnexemptFromSession
                0x0010a9b0       0x50 C:/devkitPro/libctru/lib\libctru.a(fs.o)
                0x0010a9b0                fsUnexemptFromSession
 .text.FSUSER_OpenFile
                0x0010aa00       0xcc C:/devkitPro/libctru/lib\libctru.a(fs.o)
                0x0010aa00                FSUSER_OpenFile
 .text.FSUSER_DeleteFile
                0x0010aacc       0xb8 C:/devkitPro/libctru/lib\libctru.a(fs.o)
                0x0010aacc                FSUSER_DeleteFile
 .text.FSUSER_RenameFile
                0x0010ab84       0xf4 C:/devkitPro/libctru/lib\libctru.a(fs.o)
                0x0010ab84                FSUSER_RenameFile
 .text.FSUSER_DeleteDirectory
                0x0010ac78       0xb8 C:/devkitPro/libctru/lib\libctru.a(fs.o)
                0x0010ac78                FSUSER_DeleteDirectory
 .text.FSUSER_CreateFile
                0x0010ad30       0xd0 C:/devkitPro/libctru/lib\libctru.a(fs.o)
                0x0010ad30                FSUSER_CreateFile
 .text.FSUSER_CreateDirectory
                0x0010ae00       0xc0 C:/devkitPro/libctru/lib\libctru.a(fs.o)
                0x0010ae00                FSUSER_CreateDirectory
 .text.FSUSER_RenameDirectory
                0x0010aec0       0xf4 C:/devkitPro/libctru/lib\libctru.a(fs.o)
                0x0010aec0                FSUSER_RenameDirectory
 .text.FSUSER_OpenDirectory
                0x0010afb4       0xb4 C:/devkitPro/libctru/lib\libctru.a(fs.o)
                0x0010afb4                FSUSER_OpenDirectory
 .text.FSUSER_OpenArchive
                0x0010b068       0x90 C:/devkitPro/libctru/lib\libctru.a(fs.o)
                0x0010b068                FSUSER_OpenArchive
 .text.FSUSER_CloseArchive
                0x0010b0f8       0x8c C:/devkitPro/libctru/lib\libctru.a(fs.o)
                0x0010b0f8                FSUSER_CloseArchive
 .text.FSUSER_GetSdmcArchiveResource
                0x0010b184       0x74 C:/devkitPro/libctru/lib\libctru.a(fs.o)
                0x0010b184                FSUSER_GetSdmcArchiveResource
 .text.FSUSER_IsSdmcWritable
                0x0010b1f8       0x64 C:/devkitPro/libctru/lib\libctru.a(fs.o)
                0x0010b1f8                FSUSER_IsSdmcWritable
 .text.FSFILE_Read
                0x0010b25c       0x64 C:/devkitPro/libctru/lib\libctru.a(fs.o)
                0x0010b25c                FSFILE_Read
 .text.FSFILE_Write
                0x0010b2c0       0x6c C:/devkitPro/libctru/lib\libctru.a(fs.o)
                0x0010b2c0                FSFILE_Write
 .text.FSFILE_GetSize
                0x0010b32c       0x44 C:/devkitPro/libctru/lib\libctru.a(fs.o)
                0x0010b32c                FSFILE_GetSize
 .text.FSFILE_SetSize
                0x0010b370       0x28 C:/devkitPro/libctru/lib\libctru.a(fs.o)
                0x0010b370                FSFILE_SetSize
 .text.FSFILE_Close
                0x0010b398       0x3c C:/devkitPro/libctru/lib\libctru.a(fs.o)
                0x0010b398                FSFILE_Close
 .text.FSFILE_Flush
                0x0010b3d4       0x24 C:/devkitPro/libctru/lib\libctru.a(fs.o)
                0x0010b3d4                FSFILE_Flush
 .text.FSDIR_Read
                0x0010b3f8       0x60 C:/devkitPro/libctru/lib\libctru.a(fs.o)
                0x0010b3f8                FSDIR_Read
 .text.FSDIR_Close
                0x0010b458       0x3c C:/devkitPro/libctru/lib\libctru.a(fs.o)
                0x0010b458                FSDIR_Close
 .text.rbtree_node_next
                0x0010b494       0x60 C:/devkitPro/libctru/lib\libctru.a(rbtree_iterator.o)
                0x0010b494                rbtree_node_next
 .text.decode_utf8
                0x0010b4f4      0x140 C:/devkitPro/libctru/lib\libctru.a(decode_utf8.o)
                0x0010b4f4                decode_utf8
 .text.utf16_to_utf8
                0x0010b634       0xe8 C:/devkitPro/libctru/lib\libctru.a(utf16_to_utf8.o)
                0x0010b634                utf16_to_utf8
 .text.utf8_to_utf16
                0x0010b71c       0xc0 C:/devkitPro/libctru/lib\libctru.a(utf8_to_utf16.o)
                0x0010b71c                utf8_to_utf16
 .text.__aeabi_read_tp
                0x0010b7dc        0xc C:/devkitPro/libctru/lib\libctru.a(readtp.o)
                0x0010b7dc                __aeabi_read_tp
 .text.decode_utf16
                0x0010b7e8       0x54 C:/devkitPro/libctru/lib\libctru.a(decode_utf16.o)
                0x0010b7e8                decode_utf16
 .text.encode_utf16
                0x0010b83c       0x54 C:/devkitPro/libctru/lib\libctru.a(encode_utf16.o)
                0x0010b83c                encode_utf16
 .text.encode_utf8
                0x0010b890       0xe0 C:/devkitPro/libctru/lib\libctru.a(encode_utf8.o)
                0x0010b890                encode_utf8
 .text.updatewindow
                0x0010b970      0x11c C:/devkitPro/portlibs/3ds/lib\libz.a(inflate.o)
 .text.inflateStateCheck
                0x0010ba8c       0x5c C:/devkitPro/portlibs/3ds/lib\libz.a(inflate.o)
 .text.inflateResetKeep
                0x0010bae8       0x9c C:/devkitPro/portlibs/3ds/lib\libz.a(inflate.o)
                0x0010bae8                inflateResetKeep
 .text.inflateReset2
                0x0010bb84       0xbc C:/devkitPro/portlibs/3ds/lib\libz.a(inflate.o)
                0x0010bb84                inflateReset2
 .text.inflateInit2_
                0x0010bc40       0xec C:/devkitPro/portlibs/3ds/lib\libz.a(inflate.o)
                0x0010bc40                inflateInit2_
 .text.inflateInit_
                0x0010bd2c       0x14 C:/devkitPro/portlibs/3ds/lib\libz.a(inflate.o)
                0x0010bd2c                inflateInit_
 .text.inflate  0x0010bd40     0x18ec C:/devkitPro/portlibs/3ds/lib\libz.a(inflate.o)
                0x0010bd40                inflate
 .text.inflateEnd
                0x0010d62c       0x5c C:/devkitPro/portlibs/3ds/lib\libz.a(inflate.o)
                0x0010d62c                inflateEnd
 .text.inflate_table
                0x0010d688      0x554 C:/devkitPro/portlibs/3ds/lib\libz.a(inftrees.o)
                0x0010d688                inflate_table
 .text.zcalloc  0x0010dbdc        0x8 C:/devkitPro/portlibs/3ds/lib\libz.a(zutil.o)
                0x0010dbdc                zcalloc
 .text.zcfree   0x0010dbe4        0x8 C:/devkitPro/portlibs/3ds/lib\libz.a(zutil.o)
                0x0010dbe4                zcfree
 .text.adler32_z
                0x0010dbec      0x364 C:/devkitPro/portlibs/3ds/lib\libz.a(adler32.o)
                0x0010dbec                adler32_z
 .text.adler32  0x0010df50        0x4 C:/devkitPro/portlibs/3ds/lib\libz.a(adler32.o)
                0x0010df50                adler32
 .text.crc32_z  0x0010df54      0x3ac C:/devkitPro/portlibs/3ds/lib\libz.a(crc32.o)
                0x0010df54                crc32_z
 .text.crc32    0x0010e300        0x4 C:/devkitPro/portlibs/3ds/lib\libz.a(crc32.o)
                0x0010e300                crc32
 .text.inflate_fast
                0x0010e304      0x5d8 C:/devkitPro/portlibs/3ds/lib\libz.a(inffast.o)
                0x0010e304                inflate_fast
 .text.__udivmoddi4
                0x0010e8dc      0x130 C:/devkitPro/devkitARM/bin/../lib/gcc/arm-none-eabi/15.1.0/armv6k/fpu\libgcc.a(_udivmoddi4.o)
                0x0010e8dc                __udivmoddi4
 .text.strncmp  0x0010ea0c       0xd8 C:/devkitPro/devkitARM/bin/../lib/gcc/arm-none-eabi/15.1.0/../../../../arm-none-eabi/lib/armv6k/fpu\libg.a(libc_a-strncmp.o)
                0x0010ea0c                strncmp
 .text._fclose_r
                0x0010eae4      0x144 C:/devkitPro/devkitARM/bin/../lib/gcc/arm-none-eabi/15.1.0/../../../../arm-none-eabi/lib/armv6k/fpu\libg.a(libc_a-fclose.o)
                0x0010eae4                _fclose_r
 .text.fclose   0x0010ec28       0x20 C:/devkitPro/devkitARM/bin/../lib/gcc/arm-none-eabi/15.1.0/../../../../arm-none-eabi/lib/armv6k/fpu\libg.a(libc_a-fclose.o)
                0x0010ec28                fclose
 .text.strlen   0x0010ec48       0x8c C:/devkitPro/devkitARM/bin/../lib/gcc/arm-none-eabi/15.1.0/../../../../arm-none-eabi/lib/armv6k/fpu\libg.a(libc_a-strlen.o)
                0x0010ec48                strlen
 .text.stdio_exit_handler
                0x0010ecd4       0x1c C:/devkitPro/devkitARM/bin/../lib/gcc/arm-none-eabi/15.1.0/../../../../arm-none-eabi/lib/armv6k/fpu\libg.a(libc_a-findfp.o)
 .text.cleanup_stdio
                0x0010ecf0       0x5c C:/devkitPro/devkitARM/bin/../lib/gcc/arm-none-eabi/15.1.0/../../../../arm-none-eabi/lib/armv6k/fpu\libg.a(libc_a-findfp.o)
 .text.global_stdio_init.part.0
                0x0010ed4c      0x154 C:/devkitPro/devkitARM/bin/../lib/gcc/arm-none-eabi/15.1.0/../../../../arm-none-eabi/lib/armv6k/fpu\libg.a(libc_a-findfp.o)
 .text.__sfp    0x0010eea0      0x138 C:/devkitPro/devkitARM/bin/../lib/gcc/arm-none-eabi/15.1.0/../../../../arm-none-eabi/lib/armv6k/fpu\libg.a(libc_a-findfp.o)
                0x0010eea0                __sfp
 .text.__sinit  0x0010efd8       0x5c C:/devkitPro/devkitARM/bin/../lib/gcc/arm-none-eabi/15.1.0/../../../../arm-none-eabi/lib/armv6k/fpu\libg.a(libc_a-findfp.o)
                0x0010efd8                __sinit
 .text.__sfp_lock_acquire
                0x0010f034        0xc C:/devkitPro/devkitARM/bin/../lib/gcc/arm-none-eabi/15.1.0/../../../../arm-none-eabi/lib/armv6k/fpu\libg.a(libc_a-findfp.o)
                0x0010f034                __sfp_lock_acquire
 .text.__sfp_lock_release
                0x0010f040        0xc C:/devkitPro/devkitARM/bin/../lib/gcc/arm-none-eabi/15.1.0/../../../../arm-none-eabi/lib/armv6k/fpu\libg.a(libc_a-findfp.o)
                0x0010f040                __sfp_lock_release
 .text._strtoul_l.isra.0
                0x0010f04c      0x1ec C:/devkitPro/devkitARM/bin/../lib/gcc/arm-none-eabi/15.1.0/../../../../arm-none-eabi/lib/armv6k/fpu\libg.a(libc_a-strtoul.o)
 .text.strtoul  0x0010f238       0x3c C:/devkitPro/devkitARM/bin/../lib/gcc/arm-none-eabi/15.1.0/../../../../arm-none-eabi/lib/armv6k/fpu\libg.a(libc_a-strtoul.o)
                0x0010f238                strtoul
 .text.__libc_init_array
                0x0010f274       0x84 C:/devkitPro/devkitARM/bin/../lib/gcc/arm-none-eabi/15.1.0/../../../../arm-none-eabi/lib/armv6k/fpu\libg.a(libc_a-init.o)
                0x0010f274                __libc_init_array
 .text.strncat  0x0010f2f8       0x9c C:/devkitPro/devkitARM/bin/../lib/gcc/arm-none-eabi/15.1.0/../../../../arm-none-eabi/lib/armv6k/fpu\libg.a(libc_a-strncat.o)
                0x0010f2f8                strncat
 .text._fwalk_sglue
                0x0010f394       0x70 C:/devkitPro/devkitARM/bin/../lib/gcc/arm-none-eabi/15.1.0/../../../../arm-none-eabi/lib/armv6k/fpu\libg.a(libc_a-fwalk.o)
                0x0010f394                _fwalk_sglue
 .text.bsearch  0x0010f404       0x78 C:/devkitPro/devkitARM/bin/../lib/gcc/arm-none-eabi/15.1.0/../../../../arm-none-eabi/lib/armv6k/fpu\libg.a(libc_a-bsearch.o)
                0x0010f404                bsearch
 .text.__errno  0x0010f47c        0xc C:/devkitPro/devkitARM/bin/../lib/gcc/arm-none-eabi/15.1.0/../../../../arm-none-eabi/lib/armv6k/fpu\libg.a(libc_a-errno.o)
                0x0010f47c                __errno
 .text.qsort    0x0010f488      0x8e8 C:/devkitPro/devkitARM/bin/../lib/gcc/arm-none-eabi/15.1.0/../../../../arm-none-eabi/lib/armv6k/fpu\libg.a(libc_a-qsort.o)
                0x0010f488                qsort
 .text._puts_r  0x0010fd70       0xe0 C:/devkitPro/devkitARM/bin/../lib/gcc/arm-none-eabi/15.1.0/../../../../arm-none-eabi/lib/armv6k/fpu\libg.a(libc_a-puts.o)
                0x0010fd70                _puts_r
 .text.puts     0x0010fe50       0x20 C:/devkitPro/devkitARM/bin/../lib/gcc/arm-none-eabi/15.1.0/../../../../arm-none-eabi/lib/armv6k/fpu\libg.a(libc_a-puts.o)
                0x0010fe50                puts
 .text.memalign
                0x0010fe70       0x28 C:/devkitPro/devkitARM/bin/../lib/gcc/arm-none-eabi/15.1.0/../../../../arm-none-eabi/lib/armv6k/fpu\libg.a(libc_a-malign.o)
                0x0010fe70                memalign
 .text.putchar  0x0010fe98       0x24 C:/devkitPro/devkitARM/bin/../lib/gcc/arm-none-eabi/15.1.0/../../../../arm-none-eabi/lib/armv6k/fpu\libg.a(libc_a-putchar.o)
                0x0010fe98                putchar
 .text._malloc_r
                0x0010febc      0x82c C:/devkitPro/devkitARM/bin/../lib/gcc/arm-none-eabi/15.1.0/../../../../arm-none-eabi/lib/armv6k/fpu\libg.a(libc_a-mallocr.o)
                0x0010febc                _malloc_r
 .text.strcasecmp
                0x001106e8       0x68 C:/devkitPro/devkitARM/bin/../lib/gcc/arm-none-eabi/15.1.0/../../../../arm-none-eabi/lib/armv6k/fpu\libg.a(libc_a-strcasecmp.o)
                0x001106e8                strcasecmp
 .text.strcpy   0x00110750       0xf0 C:/devkitPro/devkitARM/bin/../lib/gcc/arm-none-eabi/15.1.0/../../../../arm-none-eabi/lib/armv6k/fpu\libg.a(libc_a-strcpy.o)
                0x00110750                strcpy
 .text._malloc_trim_r
                0x00110840      0x114 C:/devkitPro/devkitARM/bin/../lib/gcc/arm-none-eabi/15.1.0/../../../../arm-none-eabi/lib/armv6k/fpu\libg.a(libc_a-freer.o)
                0x00110840                _malloc_trim_r
 .text._free_r  0x00110954      0x314 C:/devkitPro/devkitARM/bin/../lib/gcc/arm-none-eabi/15.1.0/../../../../arm-none-eabi/lib/armv6k/fpu\libg.a(libc_a-freer.o)
                0x00110954                _free_r
 .text.snprintf
                0x00110c68       0xa0 C:/devkitPro/devkitARM/bin/../lib/gcc/arm-none-eabi/15.1.0/../../../../arm-none-eabi/lib/armv6k/fpu\libg.a(libc_a-snprintf.o)
                0x00110c68                snprintf
 .text.get_arg  0x00110d08      0x5e0 C:/devkitPro/devkitARM/bin/../lib/gcc/arm-none-eabi/15.1.0/../../../../arm-none-eabi/lib/armv6k/fpu\libg.a(libc_a-svfprintf.o)
 .text._svfprintf_r
                0x001112e8     0x345c C:/devkitPro/devkitARM/bin/../lib/gcc/arm-none-eabi/15.1.0/../../../../arm-none-eabi/lib/armv6k/fpu\libg.a(libc_a-svfprintf.o)
                0x001112e8                _svfprintf_r
 .text.printf   0x00114744       0x34 C:/devkitPro/devkitARM/bin/../lib/gcc/arm-none-eabi/15.1.0/../../../../arm-none-eabi/lib/armv6k/fpu\libg.a(libc_a-printf.o)
                0x00114744                printf
 .text.strnlen  0x00114778       0x3c C:/devkitPro/devkitARM/bin/../lib/gcc/arm-none-eabi/15.1.0/../../../../arm-none-eabi/lib/armv6k/fpu\libg.a(libc_a-strnlen.o)
                0x00114778                strnlen
 .text.malloc   0x001147b4       0x40 C:/devkitPro/devkitARM/bin/../lib/gcc/arm-none-eabi/15.1.0/../../../../arm-none-eabi/lib/armv6k/fpu\libg.a(libc_a-malloc.o)
                0x001147b4                malloc
 .text.free     0x001147f4       0x20 C:/devkitPro/devkitARM/bin/../lib/gcc/arm-none-eabi/15.1.0/../../../../arm-none-eabi/lib/armv6k/fpu\libg.a(libc_a-malloc.o)
                0x001147f4                free
 .text.__sflush_r
                0x00114814      0x22c C:/devkitPro/devkitARM/bin/../lib/gcc/arm-none-eabi/15.1.0/../../../../arm-none-eabi/lib/armv6k/fpu\libg.a(libc_a-fflush.o)
                0x00114814                __sflush_r
 .text._fflush_r
                0x00114a40       0xc4 C:/devkitPro/devkitARM/bin/../lib/gcc/arm-none-eabi/15.1.0/../../../../arm-none-eabi/lib/armv6k/fpu\libg.a(libc_a-fflush.o)
                0x00114a40                _fflush_r
 .text.memset   0x00114b04       0xe4 C:/devkitPro/devkitARM/bin/../lib/gcc/arm-none-eabi/15.1.0/../../../../arm-none-eabi/lib/armv6k/fpu\libg.a(libc_a-memset.o)
                0x00114b04                memset
 .text._fread_r
                0x00114be8      0x334 C:/devkitPro/devkitARM/bin/../lib/gcc/arm-none-eabi/15.1.0/../../../../arm-none-eabi/lib/armv6k/fpu\libg.a(libc_a-fread.o)
                0x00114be8                _fread_r
 .text.fread    0x00114f1c       0x38 C:/devkitPro/devkitARM/bin/../lib/gcc/arm-none-eabi/15.1.0/../../../../arm-none-eabi/lib/armv6k/fpu\libg.a(libc_a-fread.o)
                0x00114f1c                fread
 .text.__malloc_lock
                0x00114f54        0xc C:/devkitPro/devkitARM/bin/../lib/gcc/arm-none-eabi/15.1.0/../../../../arm-none-eabi/lib/armv6k/fpu\libg.a(libc_a-mlock.o)
                0x00114f54                __malloc_lock
 .text.__malloc_unlock
                0x00114f60        0xc C:/devkitPro/devkitARM/bin/../lib/gcc/arm-none-eabi/15.1.0/../../../../arm-none-eabi/lib/armv6k/fpu\libg.a(libc_a-mlock.o)
                0x00114f60                __malloc_unlock
 .text.__call_exitprocs
                0x00114f6c        0x4 C:/devkitPro/devkitARM/bin/../lib/gcc/arm-none-eabi/15.1.0/../../../../arm-none-eabi/lib/armv6k/fpu\libg.a(libc_a-exit.o)
                0x00114f6c                __call_exitprocs
 .text.exit     0x00114f70       0x30 C:/devkitPro/devkitARM/bin/../lib/gcc/arm-none-eabi/15.1.0/../../../../arm-none-eabi/lib/armv6k/fpu\libg.a(libc_a-exit.o)
                0x00114f70                exit
 .text.setvbuf  0x00114fa0      0x294 C:/devkitPro/devkitARM/bin/../lib/gcc/arm-none-eabi/15.1.0/../../../../arm-none-eabi/lib/armv6k/fpu\libg.a(libc_a-setvbuf.o)
                0x00114fa0                setvbuf
 .text._fopen_r
                0x00115234      0x134 C:/devkitPro/devkitARM/bin/../lib/gcc/arm-none-eabi/15.1.0/../../../../arm-none-eabi/lib/armv6k/fpu\libg.a(libc_a-fopen.o)
                0x00115234                _fopen_r
 .text.fopen    0x00115368       0x28 C:/devkitPro/devkitARM/bin/../lib/gcc/arm-none-eabi/15.1.0/../../../../arm-none-eabi/lib/armv6k/fpu\libg.a(libc_a-fopen.o)
                0x00115368                fopen
 .text.strncpy  0x00115390       0xd4 C:/devkitPro/devkitARM/bin/../lib/gcc/arm-none-eabi/15.1.0/../../../../arm-none-eabi/lib/armv6k/fpu\libg.a(libc_a-strncpy.o)
                0x00115390                strncpy
 .text.memcpy   0x00115464      0x12c C:/devkitPro/devkitARM/bin/../lib/gcc/arm-none-eabi/15.1.0/../../../../arm-none-eabi/lib/armv6k/fpu\libg.a(libc_a-memcpy-stub.o)
                0x00115464                memcpy
 .text._wcsrtombs_r
                0x00115590       0x28 C:/devkitPro/devkitARM/bin/../lib/gcc/arm-none-eabi/15.1.0/../../../../arm-none-eabi/lib/armv6k/fpu\libg.a(libc_a-wcsrtombs.o)
                0x00115590                _wcsrtombs_r
 .text.frexp    0x001155b8       0x88 C:/devkitPro/devkitARM/bin/../lib/gcc/arm-none-eabi/15.1.0/../../../../arm-none-eabi/lib/armv6k/fpu\libg.a(libm_a-s_frexp.o)
                0x001155b8                frexp
 .text.__sfvwrite_r
                0x00115640      0x4a4 C:/devkitPro/devkitARM/bin/../lib/gcc/arm-none-eabi/15.1.0/../../../../arm-none-eabi/lib/armv6k/fpu\libg.a(libc_a-fvwrite.o)
                0x00115640                __sfvwrite_r
 .text.__sread  0x00115ae4       0x44 C:/devkitPro/devkitARM/bin/../lib/gcc/arm-none-eabi/15.1.0/../../../../arm-none-eabi/lib/armv6k/fpu\libg.a(libc_a-stdio.o)
                0x00115ae4                __sread
 .text.__swrite
                0x00115b28       0x68 C:/devkitPro/devkitARM/bin/../lib/gcc/arm-none-eabi/15.1.0/../../../../arm-none-eabi/lib/armv6k/fpu\libg.a(libc_a-stdio.o)
                0x00115b28                __swrite
 .text.__sseek  0x00115b90       0x40 C:/devkitPro/devkitARM/bin/../lib/gcc/arm-none-eabi/15.1.0/../../../../arm-none-eabi/lib/armv6k/fpu\libg.a(libc_a-stdio.o)
                0x00115b90                __sseek
 .text.__sclose
                0x00115bd0        0x8 C:/devkitPro/devkitARM/bin/../lib/gcc/arm-none-eabi/15.1.0/../../../../arm-none-eabi/lib/armv6k/fpu\libg.a(libc_a-stdio.o)
                0x00115bd0                __sclose
 .text.memmove  0x00115bd8      0x16c C:/devkitPro/devkitARM/bin/../lib/gcc/arm-none-eabi/15.1.0/../../../../arm-none-eabi/lib/armv6k/fpu\libg.a(libc_a-memmove.o)
                0x00115bd8                memmove
 .text.__locale_mb_cur_max
                0x00115d44       0x24 C:/devkitPro/devkitARM/bin/../lib/gcc/arm-none-eabi/15.1.0/../../../../arm-none-eabi/lib/armv6k/fpu\libg.a(libc_a-locale.o)
                0x00115d44                __locale_mb_cur_max
 .text.__ssprint_r
                0x00115d68       0xa4 C:/devkitPro/devkitARM/bin/../lib/gcc/arm-none-eabi/15.1.0/../../../../arm-none-eabi/lib/armv6k/fpu\libg.a(libc_a-ssprint_r.o)
                0x00115d68                __ssprint_r
 .text._memalign_r
                0x00115e0c      0x16c C:/devkitPro/devkitARM/bin/../lib/gcc/arm-none-eabi/15.1.0/../../../../arm-none-eabi/lib/armv6k/fpu\libg.a(libc_a-malignr.o)
                0x00115e0c                _memalign_r
 .text._wcsnrtombs_l
                0x00115f78      0x15c C:/devkitPro/devkitARM/bin/../lib/gcc/arm-none-eabi/15.1.0/../../../../arm-none-eabi/lib/armv6k/fpu\libg.a(libc_a-wcsnrtombs.o)
                0x00115f78                _wcsnrtombs_l
 .text._wcsnrtombs_r
                0x001160d4       0x64 C:/devkitPro/devkitARM/bin/../lib/gcc/arm-none-eabi/15.1.0/../../../../arm-none-eabi/lib/armv6k/fpu\libg.a(libc_a-wcsnrtombs.o)
                0x001160d4                _wcsnrtombs_r
 .text._putc_r  0x00116138       0xfc C:/devkitPro/devkitARM/bin/../lib/gcc/arm-none-eabi/15.1.0/../../../../arm-none-eabi/lib/armv6k/fpu\libg.a(libc_a-putc.o)
                0x00116138                _putc_r
 .text.__utf8_mbtowc
                0x00116234      0x340 C:/devkitPro/devkitARM/bin/../lib/gcc/arm-none-eabi/15.1.0/../../../../arm-none-eabi/lib/armv6k/fpu\libg.a(libc_a-mbtowc_r.o)
                0x00116234                __utf8_mbtowc
 .text._localeconv_r
                0x00116574       0x24 C:/devkitPro/devkitARM/bin/../lib/gcc/arm-none-eabi/15.1.0/../../../../arm-none-eabi/lib/armv6k/fpu\libg.a(libc_a-localeconv.o)
                0x00116574                _localeconv_r
 .text.get_arg  0x00116598      0x5e0 C:/devkitPro/devkitARM/bin/../lib/gcc/arm-none-eabi/15.1.0/../../../../arm-none-eabi/lib/armv6k/fpu\libg.a(libc_a-vfprintf.o)
 .text._vfprintf_r
                0x00116b78     0x3554 C:/devkitPro/devkitARM/bin/../lib/gcc/arm-none-eabi/15.1.0/../../../../arm-none-eabi/lib/armv6k/fpu\libg.a(libc_a-vfprintf.o)
                0x00116b78                _vfprintf_r
 .text.__sbprintf
                0x0011a0cc       0xb4 C:/devkitPro/devkitARM/bin/../lib/gcc/arm-none-eabi/15.1.0/../../../../arm-none-eabi/lib/armv6k/fpu\libg.a(libc_a-vfprintf.o)
 .text._fseek_r
                0x0011a180       0x1c C:/devkitPro/devkitARM/bin/../lib/gcc/arm-none-eabi/15.1.0/../../../../arm-none-eabi/lib/armv6k/fpu\libg.a(libc_a-fseek.o)
                0x0011a180                _fseek_r
 .text.memchr   0x0011a19c       0xe8 C:/devkitPro/devkitARM/bin/../lib/gcc/arm-none-eabi/15.1.0/../../../../arm-none-eabi/lib/armv6k/fpu\libg.a(libc_a-memchr-stub.o)
                0x0011a19c                memchr
 .text.quorem   0x0011a284      0x1c0 C:/devkitPro/devkitARM/bin/../lib/gcc/arm-none-eabi/15.1.0/../../../../arm-none-eabi/lib/armv6k/fpu\libg.a(libc_a-dtoa.o)
 *fill*         0x0011a444        0x4 
 .text._dtoa_r  0x0011a448     0x13f0 C:/devkitPro/devkitARM/bin/../lib/gcc/arm-none-eabi/15.1.0/../../../../arm-none-eabi/lib/armv6k/fpu\libg.a(libc_a-dtoa.o)
                0x0011a448                _dtoa_r
 .text._wcrtomb_r
                0x0011b838       0xa0 C:/devkitPro/devkitARM/bin/../lib/gcc/arm-none-eabi/15.1.0/../../../../arm-none-eabi/lib/armv6k/fpu\libg.a(libc_a-wcrtomb.o)
                0x0011b838                _wcrtomb_r
 .text.__sflags
                0x0011b8d8       0xb8 C:/devkitPro/devkitARM/bin/../lib/gcc/arm-none-eabi/15.1.0/../../../../arm-none-eabi/lib/armv6k/fpu\libg.a(libc_a-flags.o)
                0x0011b8d8                __sflags
 .text.__libc_fini_array
                0x0011b990       0x3c C:/devkitPro/devkitARM/bin/../lib/gcc/arm-none-eabi/15.1.0/../../../../arm-none-eabi/lib/armv6k/fpu\libg.a(libc_a-fini.o)
                0x0011b990                __libc_fini_array
 .text.lflush   0x0011b9cc       0x38 C:/devkitPro/devkitARM/bin/../lib/gcc/arm-none-eabi/15.1.0/../../../../arm-none-eabi/lib/armv6k/fpu\libg.a(libc_a-refill.o)
 .text.__srefill_r
                0x0011ba04      0x1a8 C:/devkitPro/devkitARM/bin/../lib/gcc/arm-none-eabi/15.1.0/../../../../arm-none-eabi/lib/armv6k/fpu\libg.a(libc_a-refill.o)
                0x0011ba04                __srefill_r
 .text.__smakebuf_r
                0x0011bbac      0x164 C:/devkitPro/devkitARM/bin/../lib/gcc/arm-none-eabi/15.1.0/../../../../arm-none-eabi/lib/armv6k/fpu\libg.a(libc_a-makebuf.o)
                0x0011bbac                __smakebuf_r
 .text.__swhatbuf_r
                0x0011bd10       0x90 C:/devkitPro/devkitARM/bin/../lib/gcc/arm-none-eabi/15.1.0/../../../../arm-none-eabi/lib/armv6k/fpu\libg.a(libc_a-makebuf.o)
                0x0011bd10                __swhatbuf_r
 .text._realloc_r
                0x0011bda0      0x4f0 C:/devkitPro/devkitARM/bin/../lib/gcc/arm-none-eabi/15.1.0/../../../../arm-none-eabi/lib/armv6k/fpu\libg.a(libc_a-reallocr.o)
                0x0011bda0                _realloc_r
 .text.__ssputs_r
                0x0011c290      0x12c C:/devkitPro/devkitARM/bin/../lib/gcc/arm-none-eabi/15.1.0/../../../../arm-none-eabi/lib/armv6k/fpu\libg.a(libc_a-ssputs_r.o)
                0x0011c290                __ssputs_r
 .text.__utf8_wctomb
                0x0011c3bc       0xf8 C:/devkitPro/devkitARM/bin/../lib/gcc/arm-none-eabi/15.1.0/../../../../arm-none-eabi/lib/armv6k/fpu\libg.a(libc_a-wctomb_r.o)
                0x0011c3bc                __utf8_wctomb
 .text.__swsetup_r
                0x0011c4b4      0x140 C:/devkitPro/devkitARM/bin/../lib/gcc/arm-none-eabi/15.1.0/../../../../arm-none-eabi/lib/armv6k/fpu\libg.a(libc_a-wsetup.o)
                0x0011c4b4                __swsetup_r
 .text.strchr   0x0011c5f4      0x140 C:/devkitPro/devkitARM/bin/../lib/gcc/arm-none-eabi/15.1.0/../../../../arm-none-eabi/lib/armv6k/fpu\libg.a(libc_a-strchr.o)
                0x0011c5f4                strchr
 .text.__assert_func
                0x0011c734       0x5c C:/devkitPro/devkitARM/bin/../lib/gcc/arm-none-eabi/15.1.0/../../../../arm-none-eabi/lib/armv6k/fpu\libg.a(libc_a-assert.o)
                0x0011c734                __assert_func
 .text._Balloc  0x0011c790       0x88 C:/devkitPro/devkitARM/bin/../lib/gcc/arm-none-eabi/15.1.0/../../../../arm-none-eabi/lib/armv6k/fpu\libg.a(libc_a-mprec.o)
                0x0011c790                _Balloc
 .text._Bfree   0x0011c818       0x1c C:/devkitPro/devkitARM/bin/../lib/gcc/arm-none-eabi/15.1.0/../../../../arm-none-eabi/lib/armv6k/fpu\libg.a(libc_a-mprec.o)
                0x0011c818                _Bfree
 .text.__multadd
                0x0011c834       0xf4 C:/devkitPro/devkitARM/bin/../lib/gcc/arm-none-eabi/15.1.0/../../../../arm-none-eabi/lib/armv6k/fpu\libg.a(libc_a-mprec.o)
                0x0011c834                __multadd
 .text.__hi0bits
                0x0011c928       0x80 C:/devkitPro/devkitARM/bin/../lib/gcc/arm-none-eabi/15.1.0/../../../../arm-none-eabi/lib/armv6k/fpu\libg.a(libc_a-mprec.o)
                0x0011c928                __hi0bits
 .text.__lo0bits
                0x0011c9a8       0xf0 C:/devkitPro/devkitARM/bin/../lib/gcc/arm-none-eabi/15.1.0/../../../../arm-none-eabi/lib/armv6k/fpu\libg.a(libc_a-mprec.o)
                0x0011c9a8                __lo0bits
 .text.__i2b    0x0011ca98       0xa4 C:/devkitPro/devkitARM/bin/../lib/gcc/arm-none-eabi/15.1.0/../../../../arm-none-eabi/lib/armv6k/fpu\libg.a(libc_a-mprec.o)
                0x0011ca98                __i2b
 .text.__multiply
                0x0011cb3c      0x230 C:/devkitPro/devkitARM/bin/../lib/gcc/arm-none-eabi/15.1.0/../../../../arm-none-eabi/lib/armv6k/fpu\libg.a(libc_a-mprec.o)
                0x0011cb3c                __multiply
 .text.__pow5mult
                0x0011cd6c      0x130 C:/devkitPro/devkitARM/bin/../lib/gcc/arm-none-eabi/15.1.0/../../../../arm-none-eabi/lib/armv6k/fpu\libg.a(libc_a-mprec.o)
                0x0011cd6c                __pow5mult
 .text.__lshift
                0x0011ce9c      0x138 C:/devkitPro/devkitARM/bin/../lib/gcc/arm-none-eabi/15.1.0/../../../../arm-none-eabi/lib/armv6k/fpu\libg.a(libc_a-mprec.o)
                0x0011ce9c                __lshift
 .text.__mcmp   0x0011cfd4       0x58 C:/devkitPro/devkitARM/bin/../lib/gcc/arm-none-eabi/15.1.0/../../../../arm-none-eabi/lib/armv6k/fpu\libg.a(libc_a-mprec.o)
                0x0011cfd4                __mcmp
 .text.__mdiff  0x0011d02c      0x218 C:/devkitPro/devkitARM/bin/../lib/gcc/arm-none-eabi/15.1.0/../../../../arm-none-eabi/lib/armv6k/fpu\libg.a(libc_a-mprec.o)
                0x0011d02c                __mdiff
 .text.__d2b    0x0011d244      0x120 C:/devkitPro/devkitARM/bin/../lib/gcc/arm-none-eabi/15.1.0/../../../../arm-none-eabi/lib/armv6k/fpu\libg.a(libc_a-mprec.o)
                0x0011d244                __d2b
 .text.fiprintf
                0x0011d364       0x3c C:/devkitPro/devkitARM/bin/../lib/gcc/arm-none-eabi/15.1.0/../../../../arm-none-eabi/lib/armv6k/fpu\libg.a(libc_a-fiprintf.o)
                0x0011d364                fiprintf
 .text.__swbuf_r
                0x0011d3a0      0x124 C:/devkitPro/devkitARM/bin/../lib/gcc/arm-none-eabi/15.1.0/../../../../arm-none-eabi/lib/armv6k/fpu\libg.a(libc_a-wbuf.o)
                0x0011d3a0                __swbuf_r
 .text._fseeko_r
                0x0011d4c4      0x588 C:/devkitPro/devkitARM/bin/../lib/gcc/arm-none-eabi/15.1.0/../../../../arm-none-eabi/lib/armv6k/fpu\libg.a(libc_a-fseeko.o)
                0x0011d4c4                _fseeko_r
 .text.__sprint_r
                0x0011da4c       0x30 C:/devkitPro/devkitARM/bin/../lib/gcc/arm-none-eabi/15.1.0/../../../../arm-none-eabi/lib/armv6k/fpu\libg.a(libc_a-sprint_r.o)
                0x0011da4c                __sprint_r
 .text.abort    0x0011da7c       0x14 C:/devkitPro/devkitARM/bin/../lib/gcc/arm-none-eabi/15.1.0/../../../../arm-none-eabi/lib/armv6k/fpu\libg.a(libc_a-abort.o)
                0x0011da7c                abort
 .text._calloc_r
                0x0011da90       0xd8 C:/devkitPro/devkitARM/bin/../lib/gcc/arm-none-eabi/15.1.0/../../../../arm-none-eabi/lib/armv6k/fpu\libg.a(libc_a-callocr.o)
                0x0011da90                _calloc_r
 .text._raise_r
                0x0011db68       0x9c C:/devkitPro/devkitARM/bin/../lib/gcc/arm-none-eabi/15.1.0/../../../../arm-none-eabi/lib/armv6k/fpu\libg.a(libc_a-signal.o)
                0x0011db68                _raise_r
 .text.raise    0x0011dc04       0x20 C:/devkitPro/devkitARM/bin/../lib/gcc/arm-none-eabi/15.1.0/../../../../arm-none-eabi/lib/armv6k/fpu\libg.a(libc_a-signal.o)
                0x0011dc04                raise
 .text.get_arg  0x0011dc24      0x5e0 C:/devkitPro/devkitARM/bin/../lib/gcc/arm-none-eabi/15.1.0/../../../../arm-none-eabi/lib/armv6k/fpu\libg.a(libc_a-vfiprintf.o)
 .text._vfiprintf_r
                0x0011e204     0x22f8 C:/devkitPro/devkitARM/bin/../lib/gcc/arm-none-eabi/15.1.0/../../../../arm-none-eabi/lib/armv6k/fpu\libg.a(libc_a-vfiprintf.o)
                0x0011e204                _vfiprintf_r
 .text.__sbprintf
                0x001204fc       0xb4 C:/devkitPro/devkitARM/bin/../lib/gcc/arm-none-eabi/15.1.0/../../../../arm-none-eabi/lib/armv6k/fpu\libg.a(libc_a-vfiprintf.o)
 .text._exit    0x001205b0       0x20 C:/devkitPro/devkitARM/bin/../lib/gcc/arm-none-eabi/15.1.0/../../../../arm-none-eabi/lib/armv6k/fpu\libsysbase.a(libsysbase_libsysbase_a-_exit.o)
                0x001205b0                _exit
 .text.chdir    0x001205d0      0x140 C:/devkitPro/devkitARM/bin/../lib/gcc/arm-none-eabi/15.1.0/../../../../arm-none-eabi/lib/armv6k/fpu\libsysbase.a(libsysbase_libsysbase_a-chdir.o)
                0x001205d0                chdir
 .text._concatenate_path
                0x00120710      0x1c8 C:/devkitPro/devkitARM/bin/../lib/gcc/arm-none-eabi/15.1.0/../../../../arm-none-eabi/lib/armv6k/fpu\libsysbase.a(libsysbase_libsysbase_a-concatenate.o)
                0x00120710                _concatenate_path
 .text.__dirnext
                0x001208d8       0x70 C:/devkitPro/devkitARM/bin/../lib/gcc/arm-none-eabi/15.1.0/../../../../arm-none-eabi/lib/armv6k/fpu\libsysbase.a(libsysbase_libsysbase_a-dirent.o)
 .text.opendir  0x00120948      0x114 C:/devkitPro/devkitARM/bin/../lib/gcc/arm-none-eabi/15.1.0/../../../../arm-none-eabi/lib/armv6k/fpu\libsysbase.a(libsysbase_libsysbase_a-dirent.o)
                0x00120948                opendir
 .text.closedir
                0x00120a5c       0x98 C:/devkitPro/devkitARM/bin/../lib/gcc/arm-none-eabi/15.1.0/../../../../arm-none-eabi/lib/armv6k/fpu\libsysbase.a(libsysbase_libsysbase_a-dirent.o)
                0x00120a5c                closedir
 .text.readdir_r
                0x00120af4       0xf8 C:/devkitPro/devkitARM/bin/../lib/gcc/arm-none-eabi/15.1.0/../../../../arm-none-eabi/lib/armv6k/fpu\libsysbase.a(libsysbase_libsysbase_a-dirent.o)
                0x00120af4                readdir_r
 .text.readdir  0x00120bec       0x48 C:/devkitPro/devkitARM/bin/../lib/gcc/arm-none-eabi/15.1.0/../../../../arm-none-eabi/lib/armv6k/fpu\libsysbase.a(libsysbase_libsysbase_a-dirent.o)
                0x00120bec                readdir
 .text._fstat_r
                0x00120c34       0x9c C:/devkitPro/devkitARM/bin/../lib/gcc/arm-none-eabi/15.1.0/../../../../arm-none-eabi/lib/armv6k/fpu\libsysbase.a(libsysbase_libsysbase_a-fstat.o)
                0x00120c34                _fstat_r
 .text._getpid_r
                0x00120cd0       0x14 C:/devkitPro/devkitARM/bin/../lib/gcc/arm-none-eabi/15.1.0/../../../../arm-none-eabi/lib/armv6k/fpu\libsysbase.a(libsysbase_libsysbase_a-getpid.o)
                0x00120cd0                _getpid_r
 .text.__getreent
                0x00120ce4       0x2c C:/devkitPro/devkitARM/bin/../lib/gcc/arm-none-eabi/15.1.0/../../../../arm-none-eabi/lib/armv6k/fpu\libsysbase.a(libsysbase_libsysbase_a-getreent.o)
                0x00120ce4                __getreent
 .text.__release_handle
                0x00120d10       0xa0 C:/devkitPro/devkitARM/bin/../lib/gcc/arm-none-eabi/15.1.0/../../../../arm-none-eabi/lib/armv6k/fpu\libsysbase.a(libsysbase_libsysbase_a-handle_manager.o)
                0x00120d10                __release_handle
 .text.__alloc_handle
                0x00120db0       0xb0 C:/devkitPro/devkitARM/bin/../lib/gcc/arm-none-eabi/15.1.0/../../../../arm-none-eabi/lib/armv6k/fpu\libsysbase.a(libsysbase_libsysbase_a-handle_manager.o)
                0x00120db0                __alloc_handle
 .text.__get_handle
                0x00120e60       0x58 C:/devkitPro/devkitARM/bin/../lib/gcc/arm-none-eabi/15.1.0/../../../../arm-none-eabi/lib/armv6k/fpu\libsysbase.a(libsysbase_libsysbase_a-handle_manager.o)
                0x00120e60                __get_handle
 .text._close_r
                0x00120eb8      0x110 C:/devkitPro/devkitARM/bin/../lib/gcc/arm-none-eabi/15.1.0/../../../../arm-none-eabi/lib/armv6k/fpu\libsysbase.a(libsysbase_libsysbase_a-handle_manager.o)
                0x00120eb8                _close_r
 .text.null_write
                0x00120fc8        0x8 C:/devkitPro/devkitARM/bin/../lib/gcc/arm-none-eabi/15.1.0/../../../../arm-none-eabi/lib/armv6k/fpu\libsysbase.a(libsysbase_libsysbase_a-iosupport.o)
 .text.setDefaultDevice
                0x00120fd0       0x18 C:/devkitPro/devkitARM/bin/../lib/gcc/arm-none-eabi/15.1.0/../../../../arm-none-eabi/lib/armv6k/fpu\libsysbase.a(libsysbase_libsysbase_a-iosupport.o)
                0x00120fd0                setDefaultDevice
 .text.FindDevice
                0x00120fe8       0xc4 C:/devkitPro/devkitARM/bin/../lib/gcc/arm-none-eabi/15.1.0/../../../../arm-none-eabi/lib/armv6k/fpu\libsysbase.a(libsysbase_libsysbase_a-iosupport.o)
                0x00120fe8                FindDevice
 .text.RemoveDevice
                0x001210ac       0x28 C:/devkitPro/devkitARM/bin/../lib/gcc/arm-none-eabi/15.1.0/../../../../arm-none-eabi/lib/armv6k/fpu\libsysbase.a(libsysbase_libsysbase_a-iosupport.o)
                0x001210ac                RemoveDevice
 .text.AddDevice
                0x001210d4       0x98 C:/devkitPro/devkitARM/bin/../lib/gcc/arm-none-eabi/15.1.0/../../../../arm-none-eabi/lib/armv6k/fpu\libsysbase.a(libsysbase_libsysbase_a-iosupport.o)
                0x001210d4                AddDevice
 .text.GetDeviceOpTab
                0x0012116c       0x20 C:/devkitPro/devkitARM/bin/../lib/gcc/arm-none-eabi/15.1.0/../../../../arm-none-eabi/lib/armv6k/fpu\libsysbase.a(libsysbase_libsysbase_a-iosupport.o)
                0x0012116c                GetDeviceOpTab
 .text._isatty_r
                0x0012118c        0x8 C:/devkitPro/devkitARM/bin/../lib/gcc/arm-none-eabi/15.1.0/../../../../arm-none-eabi/lib/armv6k/fpu\libsysbase.a(libsysbase_libsysbase_a-isatty.o)
                0x0012118c                _isatty_r
 .text._kill_r  0x00121194       0x14 C:/devkitPro/devkitARM/bin/../lib/gcc/arm-none-eabi/15.1.0/../../../../arm-none-eabi/lib/armv6k/fpu\libsysbase.a(libsysbase_libsysbase_a-kill.o)
                0x00121194                _kill_r
 .text._lseek_r
                0x001211a8       0x94 C:/devkitPro/devkitARM/bin/../lib/gcc/arm-none-eabi/15.1.0/../../../../arm-none-eabi/lib/armv6k/fpu\libsysbase.a(libsysbase_libsysbase_a-lseek.o)
                0x001211a8                _lseek_r
 .text._open_r  0x0012123c       0xc0 C:/devkitPro/devkitARM/bin/../lib/gcc/arm-none-eabi/15.1.0/../../../../arm-none-eabi/lib/armv6k/fpu\libsysbase.a(libsysbase_libsysbase_a-open.o)
                0x0012123c                _open_r
 .text._read_r  0x001212fc       0x94 C:/devkitPro/devkitARM/bin/../lib/gcc/arm-none-eabi/15.1.0/../../../../arm-none-eabi/lib/armv6k/fpu\libsysbase.a(libsysbase_libsysbase_a-read.o)
                0x001212fc                _read_r
 .text._sbrk_r  0x00121390       0x78 C:/devkitPro/devkitARM/bin/../lib/gcc/arm-none-eabi/15.1.0/../../../../arm-none-eabi/lib/armv6k/fpu\libsysbase.a(libsysbase_libsysbase_a-sbrk.o)
                0x00121390                _sbrk_r
 .text.__libc_lock_acquire
                0x00121408       0x1c C:/devkitPro/devkitARM/bin/../lib/gcc/arm-none-eabi/15.1.0/../../../../arm-none-eabi/lib/armv6k/fpu\libsysbase.a(libsysbase_libsysbase_a-syscall_support.o)
                0x00121408                __libc_lock_acquire
 .text.__libc_lock_release
                0x00121424       0x1c C:/devkitPro/devkitARM/bin/../lib/gcc/arm-none-eabi/15.1.0/../../../../arm-none-eabi/lib/armv6k/fpu\libsysbase.a(libsysbase_libsysbase_a-syscall_support.o)
                0x00121424                __libc_lock_release
 .text.__libc_lock_acquire_recursive
                0x00121440       0x1c C:/devkitPro/devkitARM/bin/../lib/gcc/arm-none-eabi/15.1.0/../../../../arm-none-eabi/lib/armv6k/fpu\libsysbase.a(libsysbase_libsysbase_a-syscall_support.o)
                0x00121440                __libc_lock_acquire_recursive
 .text.__libc_lock_release_recursive
                0x0012145c       0x1c C:/devkitPro/devkitARM/bin/../lib/gcc/arm-none-eabi/15.1.0/../../../../arm-none-eabi/lib/armv6k/fpu\libsysbase.a(libsysbase_libsysbase_a-syscall_support.o)
                0x0012145c                __libc_lock_release_recursive
 .text._write_r
                0x00121478       0x94 C:/devkitPro/devkitARM/bin/../lib/gcc/arm-none-eabi/15.1.0/../../../../arm-none-eabi/lib/armv6k/fpu\libsysbase.a(libsysbase_libsysbase_a-write.o)
                0x00121478                _write_r
 .text.strrchr  0x0012150c       0x48 C:/devkitPro/devkitARM/bin/../lib/gcc/arm-none-eabi/15.1.0/../../../../arm-none-eabi/lib/armv6k/fpu\libg.a(libc_a-strrchr.o)
                0x0012150c                strrchr
 *(.glue_7)
 .glue_7        0x00121554        0x0 linker stubs
 *(.glue_7t)
 .glue_7t       0x00121554        0x0 linker stubs
 *(.stub)
 *(.gnu.warning)
 *(.gnu.linkonce.t*)
                0x00121554                        . = ALIGN (0x4)
 *(.fini)
 .fini          0x00121554        0xc C:/devkitPro/devkitARM/bin/../lib/gcc/arm-none-eabi/15.1.0/armv6k/fpu/crti.o
                0x00121554                _fini
 .fini          0x00121560        0xc C:/devkitPro/devkitARM/bin/../lib/gcc/arm-none-eabi/15.1.0/armv6k/fpu/crtn.o
                0x0012156c                        . = ALIGN (0x4)

.vfp11_veneer   0x0012156c        0x0
 .vfp11_veneer  0x0012156c        0x0 linker stubs

.v4_bx          0x0012156c        0x0
 .v4_bx         0x0012156c        0x0 linker stubs

.iplt           0x0012156c        0x0
 .iplt          0x0012156c        0x0 C:/devkitPro/devkitARM/bin/../lib/gcc/arm-none-eabi/15.1.0/../../../../arm-none-eabi/lib/armv6k/fpu/3dsx_crt0.o
                0x00122000                        . = ALIGN (0x1000)

.rodata         0x00122000     0x3b70
 *(.rodata)
 .rodata        0x00122000      0x150 swf_tags.o
 .rodata        0x00122150        0xc C:/devkitPro/libctru/lib\libctru.a(archive_dev.o)
 *(.roda)
 *(.rodata.*)
 .rodata.str1.4
                0x0012215c      0x977 main.o
                                 0xee (size before relaxing)
 .rodata.str1.4
                0x00122ad3        0x5 sd_browser.o
 .rodata.str1.4
                0x00122ad3      0x2e5 swf_info.o
 .rodata.str1.4
                0x00122ad3       0x10 swf_parse.o
 .rodata.str1.4
                0x00122ad3      0x1e9 swf_tags.o
 .rodata.consolePrintChar
                0x00122ad3        0x6 C:/devkitPro/libctru/lib\libctru.a(console.o)
 *fill*         0x00122ad9        0x1 
 .rodata.con_write
                0x00122ada      0x164 C:/devkitPro/libctru/lib\libctru.a(console.o)
 .rodata.str1.4
                0x00122c3e       0x10 C:/devkitPro/libctru/lib\libctru.a(console.o)
 *fill*         0x00122c3e        0x2 
 .rodata.dotab_stdout
                0x00122c40       0x80 C:/devkitPro/libctru/lib\libctru.a(console.o)
 .rodata.grayScale
                0x00122cc0       0x18 C:/devkitPro/libctru/lib\libctru.a(console.o)
 .rodata.colorCube
                0x00122cd8        0x6 C:/devkitPro/libctru/lib\libctru.a(console.o)
 *fill*         0x00122cde        0x2 
 .rodata.colorTable
                0x00122ce0       0x30 C:/devkitPro/libctru/lib\libctru.a(console.o)
 .rodata.aptEventHandler
                0x00122d10        0xb C:/devkitPro/libctru/lib\libctru.a(apt.o)
 .rodata.aptWaitForWakeUp.isra.0
                0x00122d1b       0x11 C:/devkitPro/libctru/lib\libctru.a(apt.o)
 .rodata.morton_y.2
                0x00122d2c        0x8 C:/devkitPro/libctru/lib\libctru.a(apt.o)
 .rodata.morton_x.3
                0x00122d34        0x8 C:/devkitPro/libctru/lib\libctru.a(apt.o)
 .rodata.s_sleepWakeEvents.4
                0x00122d3c        0x8 C:/devkitPro/libctru/lib\libctru.a(apt.o)
 .rodata.str1.4
                0x00122d44       0x16 C:/devkitPro/libctru/lib\libctru.a(apt.o)
 .rodata.serviceNameTable.5
                0x00122d44        0xc C:/devkitPro/libctru/lib\libctru.a(apt.o)
 .rodata.gspInit.str1.4
                0x00122d50        0x9 C:/devkitPro/libctru/lib\libctru.a(gspgpu.o)
 .rodata.hidInit.str1.4
                0x00122d50       0x15 C:/devkitPro/libctru/lib\libctru.a(hid.o)
 .rodata.irrstInit.str1.4
                0x00122d50        0x7 C:/devkitPro/libctru/lib\libctru.a(irrst.o)
 .rodata.__system_initArgv.str1.4
                0x00122d50        0xa C:/devkitPro/libctru/lib\libctru.a(initArgv.o)
 .rodata.default_font_bin
                0x00122d50      0x800 C:/devkitPro/libctru/lib\libctru.a(default_font.bin.o)
                0x00122d50                default_font_bin
                0x00123550                default_font_bin_end
 .rodata.srvInit.str1.4
                0x00123550        0x5 C:/devkitPro/libctru/lib\libctru.a(srv.o)
 .rodata.ptmSysmInit.str1.4
                0x00123550        0x9 C:/devkitPro/libctru/lib\libctru.a(ptmsysm.o)
 .rodata.archive_utf16path.str1.4
                0x00123550        0x2 C:/devkitPro/libctru/lib\libctru.a(archive_dev.o)
 .rodata._archiveUnmountDeviceStruct.part.0.str1.4
                0x00123550        0x2 C:/devkitPro/libctru/lib\libctru.a(archive_dev.o)
 .rodata._archiveMountDevice.str1.4
                0x00123550        0xc C:/devkitPro/libctru/lib\libctru.a(archive_dev.o)
 .rodata.archiveMountSdmc.str1.4
                0x00123550        0x5 C:/devkitPro/libctru/lib\libctru.a(archive_dev.o)
 .rodata.error_table
                0x00123550       0x30 C:/devkitPro/libctru/lib\libctru.a(archive_dev.o)
 .rodata.str1.4
                0x00123580        0x8 C:/devkitPro/libctru/lib\libctru.a(archive_dev.o)
 .rodata.archive_devoptab
                0x00123580       0x80 C:/devkitPro/libctru/lib\libctru.a(archive_dev.o)
 .rodata.fsInit.str1.4
                0x00123600        0x8 C:/devkitPro/libctru/lib\libctru.a(fs.o)
 .rodata.inflate.str1.4
                0x00123600      0x1e6 C:/devkitPro/portlibs/3ds/lib\libz.a(inflate.o)
 .rodata.distfix.0
                0x00123600       0x80 C:/devkitPro/portlibs/3ds/lib\libz.a(inflate.o)
 .rodata.lenfix.1
                0x00123680      0x800 C:/devkitPro/portlibs/3ds/lib\libz.a(inflate.o)
 .rodata.order.2
                0x00123e80       0x26 C:/devkitPro/portlibs/3ds/lib\libz.a(inflate.o)
 *fill*         0x00123ea6        0x2 
 .rodata.dext.0
                0x00123ea8       0x40 C:/devkitPro/portlibs/3ds/lib\libz.a(inftrees.o)
 .rodata.dbase.1
                0x00123ee8       0x40 C:/devkitPro/portlibs/3ds/lib\libz.a(inftrees.o)
 .rodata.lext.2
                0x00123f28       0x3e C:/devkitPro/portlibs/3ds/lib\libz.a(inftrees.o)
 *fill*         0x00123f66        0x2 
 .rodata.lbase.3
                0x00123f68       0x3e C:/devkitPro/portlibs/3ds/lib\libz.a(inftrees.o)
 *fill*         0x00123fa6        0x2 
 .rodata.crc_braid_table
                0x00123fa8     0x1000 C:/devkitPro/portlibs/3ds/lib\libz.a(crc32.o)
 .rodata.crc_table
                0x00124fa8      0x400 C:/devkitPro/portlibs/3ds/lib\libz.a(crc32.o)
 .rodata.inflate_fast.str1.4
                0x001253a8       0x54 C:/devkitPro/portlibs/3ds/lib\libz.a(inffast.o)
 .rodata._puts_r.str1.4
                0x001253a8        0x2 C:/devkitPro/devkitARM/bin/../lib/gcc/arm-none-eabi/15.1.0/../../../../arm-none-eabi/lib/armv6k/fpu\libg.a(libc_a-puts.o)
 .rodata.get_arg
                0x001253a8       0x34 C:/devkitPro/devkitARM/bin/../lib/gcc/arm-none-eabi/15.1.0/../../../../arm-none-eabi/lib/armv6k/fpu\libg.a(libc_a-svfprintf.o)
 .rodata._svfprintf_r.str1.1
                0x001253dc       0x3b C:/devkitPro/devkitARM/bin/../lib/gcc/arm-none-eabi/15.1.0/../../../../arm-none-eabi/lib/armv6k/fpu\libg.a(libc_a-svfprintf.o)
 *fill*         0x00125417        0x1 
 .rodata._svfprintf_r
                0x00125418       0xb6 C:/devkitPro/devkitARM/bin/../lib/gcc/arm-none-eabi/15.1.0/../../../../arm-none-eabi/lib/armv6k/fpu\libg.a(libc_a-svfprintf.o)
 *fill*         0x001254ce        0x2 
 .rodata.zeroes.0
                0x001254d0       0x10 C:/devkitPro/devkitARM/bin/../lib/gcc/arm-none-eabi/15.1.0/../../../../arm-none-eabi/lib/armv6k/fpu\libg.a(libc_a-svfprintf.o)
 .rodata.blanks.1
                0x001254e0       0x10 C:/devkitPro/devkitARM/bin/../lib/gcc/arm-none-eabi/15.1.0/../../../../arm-none-eabi/lib/armv6k/fpu\libg.a(libc_a-svfprintf.o)
 .rodata._ctype_
                0x001254f0      0x101 C:/devkitPro/devkitARM/bin/../lib/gcc/arm-none-eabi/15.1.0/../../../../arm-none-eabi/lib/armv6k/fpu\libg.a(libc_a-ctype_.o)
                0x001254f0                _ctype_
 *fill*         0x001255f1        0x3 
 .rodata.__action_table
                0x001255f4       0x6c C:/devkitPro/devkitARM/bin/../lib/gcc/arm-none-eabi/15.1.0/../../../../arm-none-eabi/lib/armv6k/fpu\libg.a(libc_a-svfiprintf.o)
                0x001255f4                __action_table
 .rodata.__state_table
                0x00125660       0x6c C:/devkitPro/devkitARM/bin/../lib/gcc/arm-none-eabi/15.1.0/../../../../arm-none-eabi/lib/armv6k/fpu\libg.a(libc_a-svfiprintf.o)
                0x00125660                __state_table
 .rodata.__chclass
                0x001256cc      0x100 C:/devkitPro/devkitARM/bin/../lib/gcc/arm-none-eabi/15.1.0/../../../../arm-none-eabi/lib/armv6k/fpu\libg.a(libc_a-svfiprintf.o)
                0x001256cc                __chclass
 .rodata.str1.4
                0x001257cc       0x4c C:/devkitPro/devkitARM/bin/../lib/gcc/arm-none-eabi/15.1.0/../../../../arm-none-eabi/lib/armv6k/fpu\libg.a(libc_a-locale.o)
 .rodata.get_arg
                0x001257cc       0x34 C:/devkitPro/devkitARM/bin/../lib/gcc/arm-none-eabi/15.1.0/../../../../arm-none-eabi/lib/armv6k/fpu\libg.a(libc_a-vfprintf.o)
 .rodata._vfprintf_r.str1.1
                0x00125800       0x3b C:/devkitPro/devkitARM/bin/../lib/gcc/arm-none-eabi/15.1.0/../../../../arm-none-eabi/lib/armv6k/fpu\libg.a(libc_a-vfprintf.o)
 .rodata._vfprintf_r
                0x00125800       0xb6 C:/devkitPro/devkitARM/bin/../lib/gcc/arm-none-eabi/15.1.0/../../../../arm-none-eabi/lib/armv6k/fpu\libg.a(libc_a-vfprintf.o)
 *fill*         0x001258b6        0x2 
 .rodata.zeroes.0
                0x001258b8       0x10 C:/devkitPro/devkitARM/bin/../lib/gcc/arm-none-eabi/15.1.0/../../../../arm-none-eabi/lib/armv6k/fpu\libg.a(libc_a-vfprintf.o)
 .rodata.blanks.1
                0x001258c8       0x10 C:/devkitPro/devkitARM/bin/../lib/gcc/arm-none-eabi/15.1.0/../../../../arm-none-eabi/lib/armv6k/fpu\libg.a(libc_a-vfprintf.o)
 .rodata._dtoa_r.str1.4
                0x001258d8       0x6a C:/devkitPro/devkitARM/bin/../lib/gcc/arm-none-eabi/15.1.0/../../../../arm-none-eabi/lib/armv6k/fpu\libg.a(libc_a-dtoa.o)
 .rodata._dtoa_r
                0x001258d8        0x8 C:/devkitPro/devkitARM/bin/../lib/gcc/arm-none-eabi/15.1.0/../../../../arm-none-eabi/lib/armv6k/fpu\libg.a(libc_a-dtoa.o)
 .rodata.__assert_func.str1.4
                0x001258e0       0x43 C:/devkitPro/devkitARM/bin/../lib/gcc/arm-none-eabi/15.1.0/../../../../arm-none-eabi/lib/armv6k/fpu\libg.a(libc_a-assert.o)
 .rodata.__multadd.str1.4
                0x001258e0       0x57 C:/devkitPro/devkitARM/bin/../lib/gcc/arm-none-eabi/15.1.0/../../../../arm-none-eabi/lib/armv6k/fpu\libg.a(libc_a-mprec.o)
 .rodata.p05.0  0x001258e0        0xc C:/devkitPro/devkitARM/bin/../lib/gcc/arm-none-eabi/15.1.0/../../../../arm-none-eabi/lib/armv6k/fpu\libg.a(libc_a-mprec.o)
 *fill*         0x001258ec        0x4 
 .rodata.__mprec_bigtens
                0x001258f0       0x28 C:/devkitPro/devkitARM/bin/../lib/gcc/arm-none-eabi/15.1.0/../../../../arm-none-eabi/lib/armv6k/fpu\libg.a(libc_a-mprec.o)
                0x001258f0                __mprec_bigtens
 .rodata.__mprec_tens
                0x00125918       0xc8 C:/devkitPro/devkitARM/bin/../lib/gcc/arm-none-eabi/15.1.0/../../../../arm-none-eabi/lib/armv6k/fpu\libg.a(libc_a-mprec.o)
                0x00125918                __mprec_tens
 .rodata.get_arg
                0x001259e0       0x34 C:/devkitPro/devkitARM/bin/../lib/gcc/arm-none-eabi/15.1.0/../../../../arm-none-eabi/lib/armv6k/fpu\libg.a(libc_a-vfiprintf.o)
 .rodata._vfiprintf_r.str1.1
                0x00125a14       0x29 C:/devkitPro/devkitARM/bin/../lib/gcc/arm-none-eabi/15.1.0/../../../../arm-none-eabi/lib/armv6k/fpu\libg.a(libc_a-vfiprintf.o)
 .rodata._vfiprintf_r
                0x00125a14       0xb6 C:/devkitPro/devkitARM/bin/../lib/gcc/arm-none-eabi/15.1.0/../../../../arm-none-eabi/lib/armv6k/fpu\libg.a(libc_a-vfiprintf.o)
 *fill*         0x00125aca        0x2 
 .rodata.zeroes.0
                0x00125acc       0x10 C:/devkitPro/devkitARM/bin/../lib/gcc/arm-none-eabi/15.1.0/../../../../arm-none-eabi/lib/armv6k/fpu\libg.a(libc_a-vfiprintf.o)
 .rodata.blanks.1
                0x00125adc       0x10 C:/devkitPro/devkitARM/bin/../lib/gcc/arm-none-eabi/15.1.0/../../../../arm-none-eabi/lib/armv6k/fpu\libg.a(libc_a-vfiprintf.o)
 .rodata.AddDevice.str1.4
                0x00125aec        0x8 C:/devkitPro/devkitARM/bin/../lib/gcc/arm-none-eabi/15.1.0/../../../../arm-none-eabi/lib/armv6k/fpu\libsysbase.a(libsysbase_libsysbase_a-iosupport.o)
 .rodata.dotab_stdnull
                0x00125aec       0x80 C:/devkitPro/devkitARM/bin/../lib/gcc/arm-none-eabi/15.1.0/../../../../arm-none-eabi/lib/armv6k/fpu\libsysbase.a(libsysbase_libsysbase_a-iosupport.o)
                0x00125aec                dotab_stdnull
 *all.rodata*(*)
 *(.gnu.linkonce.r*)
                0x00125b6c                        . = ALIGN (0x4)
                0x00125b6c                        __tdata_align = .
                0x00125b6c        0x4 LONG 0x4 ALIGNOF (.tdata)
                0x00125b70                        . = ALIGN (0x4)

.eh_frame       0x00125b70        0x0
 .eh_frame      0x00125b70        0x0 C:/devkitPro/devkitARM/bin/../lib/gcc/arm-none-eabi/15.1.0/armv6k/fpu/crtbegin.o

.rel.dyn        0x00125b70        0x0
 .rel.iplt      0x00125b70        0x0 C:/devkitPro/devkitARM/bin/../lib/gcc/arm-none-eabi/15.1.0/../../../../arm-none-eabi/lib/armv6k/fpu/3dsx_crt0.o
 .rel.got       0x00125b70        0x0 C:/devkitPro/devkitARM/bin/../lib/gcc/arm-none-eabi/15.1.0/../../../../arm-none-eabi/lib/armv6k/fpu/3dsx_crt0.o

.ARM.extab
 *(.ARM.extab* .gnu.linkonce.armextab.*)
                0x00125b70                        __exidx_start = .

.ARM.exidx
 *(.ARM.exidx* .gnu.linkonce.armexidx.*)
                0x00125b70                        __exidx_end = .
                0x00126000                        . = ALIGN (0x1000)

.data           0x00126000     0x1bec
 *(.data)
 .data          0x00126000        0x4 main.o
                0x00126000                __stacksize__
 *(.data.*)
 .data.firstConsoleInit.0
                0x00126004        0x1 C:/devkitPro/libctru/lib\libctru.a(console.o)
 *fill*         0x00126005        0x3 
 .data.currentConsole
                0x00126008        0x4 C:/devkitPro/libctru/lib\libctru.a(console.o)
                0x00126008                currentConsole
 .data.defaultConsole
                0x0012600c       0x48 C:/devkitPro/libctru/lib\libctru.a(console.o)
                0x0012600c                defaultConsole
 .data.aptChainloadDeliverArgSize
                0x00126054        0x4 C:/devkitPro/libctru/lib\libctru.a(apt.o)
 .data.kCount   0x00126058        0x4 C:/devkitPro/libctru/lib\libctru.a(hid.o)
 .data.kInterval
                0x0012605c        0x4 C:/devkitPro/libctru/lib\libctru.a(hid.o)
 .data.kDelay   0x00126060        0x4 C:/devkitPro/libctru/lib\libctru.a(hid.o)
 .data.__sglue  0x00126064        0xc C:/devkitPro/devkitARM/bin/../lib/gcc/arm-none-eabi/15.1.0/../../../../arm-none-eabi/lib/armv6k/fpu\libg.a(libc_a-findfp.o)
                0x00126064                __sglue
 .data.__malloc_sbrk_base
                0x00126070        0x4 C:/devkitPro/devkitARM/bin/../lib/gcc/arm-none-eabi/15.1.0/../../../../arm-none-eabi/lib/armv6k/fpu\libg.a(libc_a-mallocr.o)
                0x00126070                __malloc_sbrk_base
 .data.__malloc_trim_threshold
                0x00126074        0x4 C:/devkitPro/devkitARM/bin/../lib/gcc/arm-none-eabi/15.1.0/../../../../arm-none-eabi/lib/armv6k/fpu\libg.a(libc_a-mallocr.o)
                0x00126074                __malloc_trim_threshold
 .data.__malloc_av_
                0x00126078      0x408 C:/devkitPro/devkitARM/bin/../lib/gcc/arm-none-eabi/15.1.0/../../../../arm-none-eabi/lib/armv6k/fpu\libg.a(libc_a-mallocr.o)
                0x00126078                __malloc_av_
 .data._impure_ptr
                0x00126480        0x4 C:/devkitPro/devkitARM/bin/../lib/gcc/arm-none-eabi/15.1.0/../../../../arm-none-eabi/lib/armv6k/fpu\libg.a(libc_a-impure.o)
                0x00126480                _impure_ptr
 *fill*         0x00126484        0x4 
 .data._impure_data
                0x00126488      0x140 C:/devkitPro/devkitARM/bin/../lib/gcc/arm-none-eabi/15.1.0/../../../../arm-none-eabi/lib/armv6k/fpu\libg.a(libc_a-impure.o)
                0x00126488                _impure_data
 .data.__global_locale
                0x001265c8      0x16c C:/devkitPro/devkitARM/bin/../lib/gcc/arm-none-eabi/15.1.0/../../../../arm-none-eabi/lib/armv6k/fpu\libg.a(libc_a-locale.o)
                0x001265c8                __global_locale
 .data._current_working_directory
                0x00126734      0x400 C:/devkitPro/devkitARM/bin/../lib/gcc/arm-none-eabi/15.1.0/../../../../arm-none-eabi/lib/armv6k/fpu\libsysbase.a(libsysbase_libsysbase_a-chdir.o)
 *fill*         0x00126b34        0x4 
 .data.handles  0x00126b38     0x1000 C:/devkitPro/devkitARM/bin/../lib/gcc/arm-none-eabi/15.1.0/../../../../arm-none-eabi/lib/armv6k/fpu\libsysbase.a(libsysbase_libsysbase_a-handle_manager.o)
 .data.__stderr_handle
                0x00127b38        0xc C:/devkitPro/devkitARM/bin/../lib/gcc/arm-none-eabi/15.1.0/../../../../arm-none-eabi/lib/armv6k/fpu\libsysbase.a(libsysbase_libsysbase_a-handle_manager.o)
 .data.__stdout_handle
                0x00127b44        0xc C:/devkitPro/devkitARM/bin/../lib/gcc/arm-none-eabi/15.1.0/../../../../arm-none-eabi/lib/armv6k/fpu\libsysbase.a(libsysbase_libsysbase_a-handle_manager.o)
 .data.__stdin_handle
                0x00127b50        0xc C:/devkitPro/devkitARM/bin/../lib/gcc/arm-none-eabi/15.1.0/../../../../arm-none-eabi/lib/armv6k/fpu\libsysbase.a(libsysbase_libsysbase_a-handle_manager.o)
 .data.devoptab_list
                0x00127b5c       0x8c C:/devkitPro/devkitARM/bin/../lib/gcc/arm-none-eabi/15.1.0/../../../../arm-none-eabi/lib/armv6k/fpu\libsysbase.a(libsysbase_libsysbase_a-iosupport.o)
                0x00127b5c                devoptab_list
 .data.defaultDevice
                0x00127be8        0x4 C:/devkitPro/devkitARM/bin/../lib/gcc/arm-none-eabi/15.1.0/../../../../arm-none-eabi/lib/armv6k/fpu\libsysbase.a(libsysbase_libsysbase_a-iosupport.o)
 *(.gnu.linkonce.d*)
                0x00127bec                        . = ALIGN (0x4)

.igot.plt       0x00127bec        0x0
 .igot.plt      0x00127bec        0x0 C:/devkitPro/devkitARM/bin/../lib/gcc/arm-none-eabi/15.1.0/../../../../arm-none-eabi/lib/armv6k/fpu/3dsx_crt0.o

.got            0x00127bec        0x8
 .got           0x00127bec        0x8 C:/devkitPro/devkitARM/bin/../lib/gcc/arm-none-eabi/15.1.0/../../../../arm-none-eabi/lib/armv6k/fpu/3dsx_crt0.o

.got.plt        0x00127bf4        0xc
 .got.plt       0x00127bf4        0xc C:/devkitPro/devkitARM/bin/../lib/gcc/arm-none-eabi/15.1.0/../../../../arm-none-eabi/lib/armv6k/fpu/3dsx_crt0.o
                0x00127bf4                _GLOBAL_OFFSET_TABLE_

.tdata          0x00127c00        0x0
                0x00127c00                        __tdata_lma = .
 *(.tdata)
 *(.tdata.*)
 *(.gnu.linkonce.td.*)
                0x00127c00                        . = ALIGN (0x4)
                0x00127c00                        __tdata_lma_end = .

.tbss           0x00127c00      0xc08
 *(.tbss)
 *(.tbss.*)
 .tbss.__ctru_dev_utf16_buf
                0x00127c00      0x802 C:/devkitPro/libctru/lib\libctru.a(path_buf.o)
                0x00127c00                __ctru_dev_utf16_buf
 *fill*         0x00128402        0x2 
 .tbss.__ctru_dev_path_buf
                0x00128404      0x401 C:/devkitPro/libctru/lib\libctru.a(path_buf.o)
                0x00128404                __ctru_dev_path_buf
 *(.gnu.linkonce.tb.*)
 *(.tcommon)
                0x00128808                        . = ALIGN (0x4)
 *fill*         0x00128805        0x3 

.preinit_array  0x00127c00        0x0
                0x00127c00                        PROVIDE (__preinit_array_start = .)
 *(.preinit_array)
                0x00127c00                        PROVIDE (__preinit_array_end = .)

.init_array     0x00127c00        0x4
                0x00127c00                        PROVIDE (__init_array_start = .)
 *(SORT_BY_NAME(.init_array.*))
 *(.init_array)
 .init_array    0x00127c00        0x4 C:/devkitPro/devkitARM/bin/../lib/gcc/arm-none-eabi/15.1.0/armv6k/fpu/crtbegin.o
                0x00127c04                        PROVIDE (__init_array_end = .)

.fini_array     0x00127c04        0x4
                0x00127c04                        PROVIDE (__fini_array_start = .)
 *(.fini_array)
 .fini_array    0x00127c04        0x4 C:/devkitPro/devkitARM/bin/../lib/gcc/arm-none-eabi/15.1.0/armv6k/fpu/crtbegin.o
 *(SORT_BY_NAME(.fini_array.*))
                0x00127c08                        PROVIDE (__fini_array_end = .)

.ctors
 *crtbegin.o(.ctors)
 *(EXCLUDE_FILE(*crtend.o) .ctors)
 *(SORT_BY_NAME(.ctors.*))
 *(.ctors)

.dtors
 *crtbegin.o(.dtors)
 *(EXCLUDE_FILE(*crtend.o) .dtors)
 *(SORT_BY_NAME(.dtors.*))
 *(.dtors)
                0x00127c08                        __bss_start__ = .
